<?xml version="1.0" encoding="ISO-8859-1" ?>
<link_info>
   <banner>TI ARM Linker PC v20.2.7.LTS</banner>
   <copyright>Copyright (c) 1996-2018 Texas Instruments Incorporated</copyright>
   <link_time>0x65abce45</link_time>
   <link_errors>0x0</link_errors>
   <output_file>Solar_Tracker.out</output_file>
   <entry_point>
      <name>_c_int00_noargs</name>
      <address>0x3475</address>
   </entry_point>
   <input_file_list>
      <input_file id="fl-2">
         <path>.\</path>
         <kind>object</kind>
         <file>main.obj</file>
         <name>main.obj</name>
      </input_file>
      <input_file id="fl-3">
         <path>.\</path>
         <kind>object</kind>
         <file>startup_msp432p401r_ccs.obj</file>
         <name>startup_msp432p401r_ccs.obj</name>
      </input_file>
      <input_file id="fl-4">
         <path>.\</path>
         <kind>object</kind>
         <file>system_msp432p401r.obj</file>
         <name>system_msp432p401r.obj</name>
      </input_file>
      <input_file id="fl-5">
         <path>.\LcdDriver\</path>
         <kind>object</kind>
         <file>Crystalfontz128x128_ST7735.obj</file>
         <name>Crystalfontz128x128_ST7735.obj</name>
      </input_file>
      <input_file id="fl-6">
         <path>.\LcdDriver\</path>
         <kind>object</kind>
         <file>HAL_MSP_EXP432P401R_Crystalfontz128x128_ST7735.obj</file>
         <name>HAL_MSP_EXP432P401R_Crystalfontz128x128_ST7735.obj</name>
      </input_file>
      <input_file id="fl-7">
         <path>.\StepperLib\</path>
         <kind>object</kind>
         <file>base_stepper.obj</file>
         <name>base_stepper.obj</name>
      </input_file>
      <input_file id="fl-8">
         <path>.\StepperLib\</path>
         <kind>object</kind>
         <file>top_stepper.obj</file>
         <name>top_stepper.obj</name>
      </input_file>
      <input_file id="fl-e">
         <kind>object</kind>
         <file>&lt;internal&gt;</file>
         <name>&lt;internal&gt;</name>
      </input_file>
      <input_file id="fl-f">
         <path>C:\simplelink\simplelink_msp432p4_sdk_3_40_01_02\source\ti\devices\msp432p4xx\driverlib\ccs\</path>
         <kind>archive</kind>
         <file>msp432p4xx_driverlib.lib</file>
         <name>adc14.o</name>
      </input_file>
      <input_file id="fl-10">
         <path>C:\simplelink\simplelink_msp432p4_sdk_3_40_01_02\source\ti\devices\msp432p4xx\driverlib\ccs\</path>
         <kind>archive</kind>
         <file>msp432p4xx_driverlib.lib</file>
         <name>gpio.o</name>
      </input_file>
      <input_file id="fl-11">
         <path>C:\simplelink\simplelink_msp432p4_sdk_3_40_01_02\source\ti\devices\msp432p4xx\driverlib\ccs\</path>
         <kind>archive</kind>
         <file>msp432p4xx_driverlib.lib</file>
         <name>interrupt.o</name>
      </input_file>
      <input_file id="fl-12">
         <path>C:\simplelink\simplelink_msp432p4_sdk_3_40_01_02\source\ti\devices\msp432p4xx\driverlib\ccs\</path>
         <kind>archive</kind>
         <file>msp432p4xx_driverlib.lib</file>
         <name>spi.o</name>
      </input_file>
      <input_file id="fl-13">
         <path>C:\simplelink\simplelink_msp432p4_sdk_3_40_01_02\source\ti\devices\msp432p4xx\driverlib\ccs\</path>
         <kind>archive</kind>
         <file>msp432p4xx_driverlib.lib</file>
         <name>wdt_a.o</name>
      </input_file>
      <input_file id="fl-14">
         <path>C:\simplelink\simplelink_msp432p4_sdk_3_40_01_02\source\ti\devices\msp432p4xx\driverlib\ccs\</path>
         <kind>archive</kind>
         <file>msp432p4xx_driverlib.lib</file>
         <name>cpu.o</name>
      </input_file>
      <input_file id="fl-15">
         <path>C:\simplelink\simplelink_msp432p4_sdk_3_40_01_02\source\ti\devices\msp432p4xx\driverlib\ccs\</path>
         <kind>archive</kind>
         <file>msp432p4xx_driverlib.lib</file>
         <name>sysctl_a.o</name>
      </input_file>
      <input_file id="fl-cb">
         <path>C:\ti\ccs1250\ccs\tools\compiler\ti-cgt-arm_20.2.7.LTS\lib\</path>
         <kind>archive</kind>
         <file>rtsv7M4_T_le_v4SPD16_eabi.lib</file>
         <name>printf.c.obj</name>
      </input_file>
      <input_file id="fl-cc">
         <path>C:\ti\ccs1250\ccs\tools\compiler\ti-cgt-arm_20.2.7.LTS\lib\</path>
         <kind>archive</kind>
         <file>rtsv7M4_T_le_v4SPD16_eabi.lib</file>
         <name>_printfi.c.obj</name>
      </input_file>
      <input_file id="fl-cd">
         <path>C:\ti\ccs1250\ccs\tools\compiler\ti-cgt-arm_20.2.7.LTS\lib\</path>
         <kind>archive</kind>
         <file>rtsv7M4_T_le_v4SPD16_eabi.lib</file>
         <name>fputc.c.obj</name>
      </input_file>
      <input_file id="fl-ce">
         <path>C:\ti\ccs1250\ccs\tools\compiler\ti-cgt-arm_20.2.7.LTS\lib\</path>
         <kind>archive</kind>
         <file>rtsv7M4_T_le_v4SPD16_eabi.lib</file>
         <name>fputs.c.obj</name>
      </input_file>
      <input_file id="fl-cf">
         <path>C:\ti\ccs1250\ccs\tools\compiler\ti-cgt-arm_20.2.7.LTS\lib\</path>
         <kind>archive</kind>
         <file>rtsv7M4_T_le_v4SPD16_eabi.lib</file>
         <name>_io_perm.c.obj</name>
      </input_file>
      <input_file id="fl-d0">
         <path>C:\ti\ccs1250\ccs\tools\compiler\ti-cgt-arm_20.2.7.LTS\lib\</path>
         <kind>archive</kind>
         <file>rtsv7M4_T_le_v4SPD16_eabi.lib</file>
         <name>setvbuf.c.obj</name>
      </input_file>
      <input_file id="fl-d1">
         <path>C:\ti\ccs1250\ccs\tools\compiler\ti-cgt-arm_20.2.7.LTS\lib\</path>
         <kind>archive</kind>
         <file>rtsv7M4_T_le_v4SPD16_eabi.lib</file>
         <name>fd_add_t2.asm.obj</name>
      </input_file>
      <input_file id="fl-d2">
         <path>C:\ti\ccs1250\ccs\tools\compiler\ti-cgt-arm_20.2.7.LTS\lib\</path>
         <kind>archive</kind>
         <file>rtsv7M4_T_le_v4SPD16_eabi.lib</file>
         <name>fd_cmp_t2.asm.obj</name>
      </input_file>
      <input_file id="fl-d3">
         <path>C:\ti\ccs1250\ccs\tools\compiler\ti-cgt-arm_20.2.7.LTS\lib\</path>
         <kind>archive</kind>
         <file>rtsv7M4_T_le_v4SPD16_eabi.lib</file>
         <name>fd_div_t2.asm.obj</name>
      </input_file>
      <input_file id="fl-d4">
         <path>C:\ti\ccs1250\ccs\tools\compiler\ti-cgt-arm_20.2.7.LTS\lib\</path>
         <kind>archive</kind>
         <file>rtsv7M4_T_le_v4SPD16_eabi.lib</file>
         <name>fd_mul_t2.asm.obj</name>
      </input_file>
      <input_file id="fl-d5">
         <path>C:\ti\ccs1250\ccs\tools\compiler\ti-cgt-arm_20.2.7.LTS\lib\</path>
         <kind>archive</kind>
         <file>rtsv7M4_T_le_v4SPD16_eabi.lib</file>
         <name>fd_toi_t2.asm.obj</name>
      </input_file>
      <input_file id="fl-d6">
         <path>C:\ti\ccs1250\ccs\tools\compiler\ti-cgt-arm_20.2.7.LTS\lib\</path>
         <kind>archive</kind>
         <file>rtsv7M4_T_le_v4SPD16_eabi.lib</file>
         <name>i_tofd_t2.asm.obj</name>
      </input_file>
      <input_file id="fl-d7">
         <path>C:\ti\ccs1250\ccs\tools\compiler\ti-cgt-arm_20.2.7.LTS\lib\</path>
         <kind>archive</kind>
         <file>rtsv7M4_T_le_v4SPD16_eabi.lib</file>
         <name>memcpy_t2.asm.obj</name>
      </input_file>
      <input_file id="fl-d8">
         <path>C:\ti\ccs1250\ccs\tools\compiler\ti-cgt-arm_20.2.7.LTS\lib\</path>
         <kind>archive</kind>
         <file>rtsv7M4_T_le_v4SPD16_eabi.lib</file>
         <name>memset_t2.asm.obj</name>
      </input_file>
      <input_file id="fl-d9">
         <path>C:\ti\ccs1250\ccs\tools\compiler\ti-cgt-arm_20.2.7.LTS\lib\</path>
         <kind>archive</kind>
         <file>rtsv7M4_T_le_v4SPD16_eabi.lib</file>
         <name>ull_div_t2.asm.obj</name>
      </input_file>
      <input_file id="fl-da">
         <path>C:\ti\ccs1250\ccs\tools\compiler\ti-cgt-arm_20.2.7.LTS\lib\</path>
         <kind>archive</kind>
         <file>rtsv7M4_T_le_v4SPD16_eabi.lib</file>
         <name>copy_zero_init.c.obj</name>
      </input_file>
      <input_file id="fl-db">
         <path>C:\ti\ccs1250\ccs\tools\compiler\ti-cgt-arm_20.2.7.LTS\lib\</path>
         <kind>archive</kind>
         <file>rtsv7M4_T_le_v4SPD16_eabi.lib</file>
         <name>copy_decompress_none.c.obj</name>
      </input_file>
      <input_file id="fl-dc">
         <path>C:\ti\ccs1250\ccs\tools\compiler\ti-cgt-arm_20.2.7.LTS\lib\</path>
         <kind>archive</kind>
         <file>rtsv7M4_T_le_v4SPD16_eabi.lib</file>
         <name>copy_decompress_lzss.c.obj</name>
      </input_file>
      <input_file id="fl-dd">
         <path>C:\ti\ccs1250\ccs\tools\compiler\ti-cgt-arm_20.2.7.LTS\lib\</path>
         <kind>archive</kind>
         <file>rtsv7M4_T_le_v4SPD16_eabi.lib</file>
         <name>exit.c.obj</name>
      </input_file>
      <input_file id="fl-de">
         <path>C:\ti\ccs1250\ccs\tools\compiler\ti-cgt-arm_20.2.7.LTS\lib\</path>
         <kind>archive</kind>
         <file>rtsv7M4_T_le_v4SPD16_eabi.lib</file>
         <name>_lock.c.obj</name>
      </input_file>
      <input_file id="fl-df">
         <path>C:\ti\ccs1250\ccs\tools\compiler\ti-cgt-arm_20.2.7.LTS\lib\</path>
         <kind>archive</kind>
         <file>rtsv7M4_T_le_v4SPD16_eabi.lib</file>
         <name>_ltoa.c.obj</name>
      </input_file>
      <input_file id="fl-e0">
         <path>C:\ti\ccs1250\ccs\tools\compiler\ti-cgt-arm_20.2.7.LTS\lib\</path>
         <kind>archive</kind>
         <file>rtsv7M4_T_le_v4SPD16_eabi.lib</file>
         <name>atoi.c.obj</name>
      </input_file>
      <input_file id="fl-e1">
         <path>C:\ti\ccs1250\ccs\tools\compiler\ti-cgt-arm_20.2.7.LTS\lib\</path>
         <kind>archive</kind>
         <file>rtsv7M4_T_le_v4SPD16_eabi.lib</file>
         <name>ctype.c.obj</name>
      </input_file>
      <input_file id="fl-e2">
         <path>C:\ti\ccs1250\ccs\tools\compiler\ti-cgt-arm_20.2.7.LTS\lib\</path>
         <kind>archive</kind>
         <file>rtsv7M4_T_le_v4SPD16_eabi.lib</file>
         <name>defs.c.obj</name>
      </input_file>
      <input_file id="fl-e3">
         <path>C:\ti\ccs1250\ccs\tools\compiler\ti-cgt-arm_20.2.7.LTS\lib\</path>
         <kind>archive</kind>
         <file>rtsv7M4_T_le_v4SPD16_eabi.lib</file>
         <name>memccpy.c.obj</name>
      </input_file>
      <input_file id="fl-e4">
         <path>C:\ti\ccs1250\ccs\tools\compiler\ti-cgt-arm_20.2.7.LTS\lib\</path>
         <kind>archive</kind>
         <file>rtsv7M4_T_le_v4SPD16_eabi.lib</file>
         <name>memchr.c.obj</name>
      </input_file>
      <input_file id="fl-e5">
         <path>C:\ti\ccs1250\ccs\tools\compiler\ti-cgt-arm_20.2.7.LTS\lib\</path>
         <kind>archive</kind>
         <file>rtsv7M4_T_le_v4SPD16_eabi.lib</file>
         <name>memory.c.obj</name>
      </input_file>
      <input_file id="fl-e6">
         <path>C:\ti\ccs1250\ccs\tools\compiler\ti-cgt-arm_20.2.7.LTS\lib\</path>
         <kind>archive</kind>
         <file>rtsv7M4_T_le_v4SPD16_eabi.lib</file>
         <name>strchr.c.obj</name>
      </input_file>
      <input_file id="fl-e7">
         <path>C:\ti\ccs1250\ccs\tools\compiler\ti-cgt-arm_20.2.7.LTS\lib\</path>
         <kind>archive</kind>
         <file>rtsv7M4_T_le_v4SPD16_eabi.lib</file>
         <name>strlen.c.obj</name>
      </input_file>
      <input_file id="fl-e8">
         <path>C:\ti\ccs1250\ccs\tools\compiler\ti-cgt-arm_20.2.7.LTS\lib\</path>
         <kind>archive</kind>
         <file>rtsv7M4_T_le_v4SPD16_eabi.lib</file>
         <name>boot_cortex_m.c.obj</name>
      </input_file>
      <input_file id="fl-e9">
         <path>C:\ti\ccs1250\ccs\tools\compiler\ti-cgt-arm_20.2.7.LTS\lib\</path>
         <kind>archive</kind>
         <file>rtsv7M4_T_le_v4SPD16_eabi.lib</file>
         <name>write.c.obj</name>
      </input_file>
      <input_file id="fl-ea">
         <path>C:\ti\ccs1250\ccs\tools\compiler\ti-cgt-arm_20.2.7.LTS\lib\</path>
         <kind>archive</kind>
         <file>rtsv7M4_T_le_v4SPD16_eabi.lib</file>
         <name>host_device.c.obj</name>
      </input_file>
      <input_file id="fl-eb">
         <path>C:\ti\ccs1250\ccs\tools\compiler\ti-cgt-arm_20.2.7.LTS\lib\</path>
         <kind>archive</kind>
         <file>rtsv7M4_T_le_v4SPD16_eabi.lib</file>
         <name>errno.c.obj</name>
      </input_file>
      <input_file id="fl-ec">
         <path>C:\ti\ccs1250\ccs\tools\compiler\ti-cgt-arm_20.2.7.LTS\lib\</path>
         <kind>archive</kind>
         <file>rtsv7M4_T_le_v4SPD16_eabi.lib</file>
         <name>wcslen.c.obj</name>
      </input_file>
      <input_file id="fl-ed">
         <path>C:\ti\ccs1250\ccs\tools\compiler\ti-cgt-arm_20.2.7.LTS\lib\</path>
         <kind>archive</kind>
         <file>rtsv7M4_T_le_v4SPD16_eabi.lib</file>
         <name>s_frexp.c.obj</name>
      </input_file>
      <input_file id="fl-ee">
         <path>C:\ti\ccs1250\ccs\tools\compiler\ti-cgt-arm_20.2.7.LTS\lib\</path>
         <kind>archive</kind>
         <file>rtsv7M4_T_le_v4SPD16_eabi.lib</file>
         <name>s_scalbn.c.obj</name>
      </input_file>
      <input_file id="fl-ef">
         <path>C:\ti\ccs1250\ccs\tools\compiler\ti-cgt-arm_20.2.7.LTS\lib\</path>
         <kind>archive</kind>
         <file>rtsv7M4_T_le_v4SPD16_eabi.lib</file>
         <name>fflush.c.obj</name>
      </input_file>
      <input_file id="fl-f0">
         <path>C:\ti\ccs1250\ccs\tools\compiler\ti-cgt-arm_20.2.7.LTS\lib\</path>
         <kind>archive</kind>
         <file>rtsv7M4_T_le_v4SPD16_eabi.lib</file>
         <name>fopen.c.obj</name>
      </input_file>
      <input_file id="fl-f1">
         <path>C:\ti\ccs1250\ccs\tools\compiler\ti-cgt-arm_20.2.7.LTS\lib\</path>
         <kind>archive</kind>
         <file>rtsv7M4_T_le_v4SPD16_eabi.lib</file>
         <name>fseek.c.obj</name>
      </input_file>
      <input_file id="fl-f2">
         <path>C:\ti\ccs1250\ccs\tools\compiler\ti-cgt-arm_20.2.7.LTS\lib\</path>
         <kind>archive</kind>
         <file>rtsv7M4_T_le_v4SPD16_eabi.lib</file>
         <name>div0.asm.obj</name>
      </input_file>
      <input_file id="fl-f3">
         <path>C:\ti\ccs1250\ccs\tools\compiler\ti-cgt-arm_20.2.7.LTS\lib\</path>
         <kind>archive</kind>
         <file>rtsv7M4_T_le_v4SPD16_eabi.lib</file>
         <name>autoinit.c.obj</name>
      </input_file>
      <input_file id="fl-f4">
         <path>C:\ti\ccs1250\ccs\tools\compiler\ti-cgt-arm_20.2.7.LTS\lib\</path>
         <kind>archive</kind>
         <file>rtsv7M4_T_le_v4SPD16_eabi.lib</file>
         <name>pre_init.c.obj</name>
      </input_file>
      <input_file id="fl-f5">
         <path>C:\ti\ccs1250\ccs\tools\compiler\ti-cgt-arm_20.2.7.LTS\lib\</path>
         <kind>archive</kind>
         <file>rtsv7M4_T_le_v4SPD16_eabi.lib</file>
         <name>cpy_tbl.c.obj</name>
      </input_file>
      <input_file id="fl-f6">
         <path>C:\ti\ccs1250\ccs\tools\compiler\ti-cgt-arm_20.2.7.LTS\lib\</path>
         <kind>archive</kind>
         <file>rtsv7M4_T_le_v4SPD16_eabi.lib</file>
         <name>args_main.c.obj</name>
      </input_file>
      <input_file id="fl-f7">
         <path>C:\ti\ccs1250\ccs\tools\compiler\ti-cgt-arm_20.2.7.LTS\lib\</path>
         <kind>archive</kind>
         <file>rtsv7M4_T_le_v4SPD16_eabi.lib</file>
         <name>hostclose.c.obj</name>
      </input_file>
      <input_file id="fl-f8">
         <path>C:\ti\ccs1250\ccs\tools\compiler\ti-cgt-arm_20.2.7.LTS\lib\</path>
         <kind>archive</kind>
         <file>rtsv7M4_T_le_v4SPD16_eabi.lib</file>
         <name>hostlseek.c.obj</name>
      </input_file>
      <input_file id="fl-f9">
         <path>C:\ti\ccs1250\ccs\tools\compiler\ti-cgt-arm_20.2.7.LTS\lib\</path>
         <kind>archive</kind>
         <file>rtsv7M4_T_le_v4SPD16_eabi.lib</file>
         <name>hostopen.c.obj</name>
      </input_file>
      <input_file id="fl-fa">
         <path>C:\ti\ccs1250\ccs\tools\compiler\ti-cgt-arm_20.2.7.LTS\lib\</path>
         <kind>archive</kind>
         <file>rtsv7M4_T_le_v4SPD16_eabi.lib</file>
         <name>hostread.c.obj</name>
      </input_file>
      <input_file id="fl-fb">
         <path>C:\ti\ccs1250\ccs\tools\compiler\ti-cgt-arm_20.2.7.LTS\lib\</path>
         <kind>archive</kind>
         <file>rtsv7M4_T_le_v4SPD16_eabi.lib</file>
         <name>hostrename.c.obj</name>
      </input_file>
      <input_file id="fl-fc">
         <path>C:\ti\ccs1250\ccs\tools\compiler\ti-cgt-arm_20.2.7.LTS\lib\</path>
         <kind>archive</kind>
         <file>rtsv7M4_T_le_v4SPD16_eabi.lib</file>
         <name>hostunlink.c.obj</name>
      </input_file>
      <input_file id="fl-fd">
         <path>C:\ti\ccs1250\ccs\tools\compiler\ti-cgt-arm_20.2.7.LTS\lib\</path>
         <kind>archive</kind>
         <file>rtsv7M4_T_le_v4SPD16_eabi.lib</file>
         <name>hostwrite.c.obj</name>
      </input_file>
      <input_file id="fl-fe">
         <path>C:\ti\ccs1250\ccs\tools\compiler\ti-cgt-arm_20.2.7.LTS\lib\</path>
         <kind>archive</kind>
         <file>rtsv7M4_T_le_v4SPD16_eabi.lib</file>
         <name>trgmsg.c.obj</name>
      </input_file>
      <input_file id="fl-ff">
         <path>C:\ti\ccs1250\ccs\tools\compiler\ti-cgt-arm_20.2.7.LTS\lib\</path>
         <kind>archive</kind>
         <file>rtsv7M4_T_le_v4SPD16_eabi.lib</file>
         <name>open.c.obj</name>
      </input_file>
      <input_file id="fl-100">
         <path>C:\ti\ccs1250\ccs\tools\compiler\ti-cgt-arm_20.2.7.LTS\lib\</path>
         <kind>archive</kind>
         <file>rtsv7M4_T_le_v4SPD16_eabi.lib</file>
         <name>lseek.c.obj</name>
      </input_file>
      <input_file id="fl-101">
         <path>C:\ti\ccs1250\ccs\tools\compiler\ti-cgt-arm_20.2.7.LTS\lib\</path>
         <kind>archive</kind>
         <file>rtsv7M4_T_le_v4SPD16_eabi.lib</file>
         <name>s_copysign.c.obj</name>
      </input_file>
      <input_file id="fl-102">
         <path>C:\ti\ccs1250\ccs\tools\compiler\ti-cgt-arm_20.2.7.LTS\lib\</path>
         <kind>archive</kind>
         <file>rtsv7M4_T_le_v4SPD16_eabi.lib</file>
         <name>fclose.c.obj</name>
      </input_file>
      <input_file id="fl-103">
         <path>C:\ti\ccs1250\ccs\tools\compiler\ti-cgt-arm_20.2.7.LTS\lib\</path>
         <kind>archive</kind>
         <file>rtsv7M4_T_le_v4SPD16_eabi.lib</file>
         <name>getdevice.c.obj</name>
      </input_file>
      <input_file id="fl-104">
         <path>C:\ti\ccs1250\ccs\tools\compiler\ti-cgt-arm_20.2.7.LTS\lib\</path>
         <kind>archive</kind>
         <file>rtsv7M4_T_le_v4SPD16_eabi.lib</file>
         <name>strcmp.c.obj</name>
      </input_file>
      <input_file id="fl-105">
         <path>C:\ti\ccs1250\ccs\tools\compiler\ti-cgt-arm_20.2.7.LTS\lib\</path>
         <kind>archive</kind>
         <file>rtsv7M4_T_le_v4SPD16_eabi.lib</file>
         <name>strcpy.c.obj</name>
      </input_file>
      <input_file id="fl-106">
         <path>C:\ti\ccs1250\ccs\tools\compiler\ti-cgt-arm_20.2.7.LTS\lib\</path>
         <kind>archive</kind>
         <file>rtsv7M4_T_le_v4SPD16_eabi.lib</file>
         <name>strncpy.c.obj</name>
      </input_file>
      <input_file id="fl-107">
         <path>C:\ti\ccs1250\ccs\tools\compiler\ti-cgt-arm_20.2.7.LTS\lib\</path>
         <kind>archive</kind>
         <file>rtsv7M4_T_le_v4SPD16_eabi.lib</file>
         <name>remove.c.obj</name>
      </input_file>
      <input_file id="fl-108">
         <path>C:\ti\ccs1250\ccs\tools\compiler\ti-cgt-arm_20.2.7.LTS\lib\</path>
         <kind>archive</kind>
         <file>rtsv7M4_T_le_v4SPD16_eabi.lib</file>
         <name>close.c.obj</name>
      </input_file>
      <input_file id="fl-109">
         <path>C:\ti\ccs1250\ccs\tools\compiler\ti-cgt-arm_20.2.7.LTS\lib\</path>
         <kind>archive</kind>
         <file>rtsv7M4_T_le_v4SPD16_eabi.lib</file>
         <name>unlink.c.obj</name>
      </input_file>
   </input_file_list>
   <object_component_list>
      <object_component id="oc-26">
         <name>.intvecs:retain</name>
         <load_address>0x0</load_address>
         <run_address>0x0</run_address>
         <size>0xe4</size>
         <input_file_ref idref="fl-3"/>
      </object_component>
      <object_component id="oc-1b2">
         <name>.text:__TI_printfi</name>
         <load_address>0xe4</load_address>
         <run_address>0xe4</run_address>
         <size>0xa4e</size>
         <input_file_ref idref="fl-cc"/>
      </object_component>
      <object_component id="oc-27b">
         <name>.text:_nop</name>
         <load_address>0xb32</load_address>
         <run_address>0xb32</run_address>
         <size>0x2</size>
         <input_file_ref idref="fl-de"/>
      </object_component>
      <object_component id="oc-9a">
         <name>.text</name>
         <load_address>0xb34</load_address>
         <run_address>0xb34</run_address>
         <size>0x37c</size>
         <input_file_ref idref="fl-2"/>
      </object_component>
      <object_component id="oc-ac">
         <name>.text</name>
         <load_address>0xeb0</load_address>
         <run_address>0xeb0</run_address>
         <size>0x334</size>
         <input_file_ref idref="fl-4"/>
      </object_component>
      <object_component id="oc-257">
         <name>.text:_pconv_a</name>
         <load_address>0x11e4</load_address>
         <run_address>0x11e4</run_address>
         <size>0x270</size>
         <input_file_ref idref="fl-cc"/>
      </object_component>
      <object_component id="oc-245">
         <name>.text:_pconv_g</name>
         <load_address>0x1454</load_address>
         <run_address>0x1454</run_address>
         <size>0x1d0</size>
         <input_file_ref idref="fl-cc"/>
      </object_component>
      <object_component id="oc-2e4">
         <name>.text</name>
         <load_address>0x1624</load_address>
         <run_address>0x1624</run_address>
         <size>0x1b6</size>
         <input_file_ref idref="fl-d1"/>
      </object_component>
      <object_component id="oc-36a">
         <name>.text</name>
         <load_address>0x17da</load_address>
         <run_address>0x17da</run_address>
         <size>0x2</size>
         <input_file_ref idref="fl-f2"/>
      </object_component>
      <object_component id="oc-19b">
         <name>.text:_getIndexForMemRegister</name>
         <load_address>0x17dc</load_address>
         <run_address>0x17dc</run_address>
         <size>0x160</size>
         <input_file_ref idref="fl-f"/>
      </object_component>
      <object_component id="oc-251">
         <name>.text:_pconv_e</name>
         <load_address>0x193c</load_address>
         <run_address>0x193c</run_address>
         <size>0x13c</size>
         <input_file_ref idref="fl-cc"/>
      </object_component>
      <object_component id="oc-2ca">
         <name>.text</name>
         <load_address>0x1a78</load_address>
         <run_address>0x1a78</run_address>
         <size>0x136</size>
         <input_file_ref idref="fl-d3"/>
      </object_component>
      <object_component id="oc-2f6">
         <name>.text:fcvt</name>
         <load_address>0x1bb0</load_address>
         <run_address>0x1bb0</run_address>
         <size>0x124</size>
         <input_file_ref idref="fl-cc"/>
      </object_component>
      <object_component id="oc-289">
         <name>.text:fputs</name>
         <load_address>0x1cd4</load_address>
         <run_address>0x1cd4</run_address>
         <size>0x114</size>
         <input_file_ref idref="fl-ce"/>
      </object_component>
      <object_component id="oc-30a">
         <name>.text:scalbn</name>
         <load_address>0x1de8</load_address>
         <run_address>0x1de8</run_address>
         <size>0x110</size>
         <input_file_ref idref="fl-ee"/>
      </object_component>
      <object_component id="oc-415">
         <name>.text:aligned_alloc</name>
         <load_address>0x1ef8</load_address>
         <run_address>0x1ef8</run_address>
         <size>0x100</size>
         <input_file_ref idref="fl-e5"/>
      </object_component>
      <object_component id="oc-2c5">
         <name>.text</name>
         <load_address>0x1ff8</load_address>
         <run_address>0x1ff8</run_address>
         <size>0xfc</size>
         <input_file_ref idref="fl-d4"/>
      </object_component>
      <object_component id="oc-3d3">
         <name>.text:free</name>
         <load_address>0x20f4</load_address>
         <run_address>0x20f4</run_address>
         <size>0xe4</size>
         <input_file_ref idref="fl-e5"/>
      </object_component>
      <object_component id="oc-3a5">
         <name>.text:setvbuf</name>
         <load_address>0x21d8</load_address>
         <run_address>0x21d8</run_address>
         <size>0xdc</size>
         <input_file_ref idref="fl-d0"/>
      </object_component>
      <object_component id="oc-d6">
         <name>.text</name>
         <load_address>0x22b4</load_address>
         <run_address>0x22b4</run_address>
         <size>0xb8</size>
         <input_file_ref idref="fl-7"/>
      </object_component>
      <object_component id="oc-dc">
         <name>.text</name>
         <load_address>0x236c</load_address>
         <run_address>0x236c</run_address>
         <size>0xb8</size>
         <input_file_ref idref="fl-8"/>
      </object_component>
      <object_component id="oc-fa">
         <name>.text:ADC14_configureConversionMemory</name>
         <load_address>0x2424</load_address>
         <run_address>0x2424</run_address>
         <size>0xb4</size>
         <input_file_ref idref="fl-f"/>
      </object_component>
      <object_component id="oc-f4">
         <name>.text:ADC14_configureMultiSequenceMode</name>
         <load_address>0x24d8</load_address>
         <run_address>0x24d8</run_address>
         <size>0xb4</size>
         <input_file_ref idref="fl-f"/>
      </object_component>
      <object_component id="oc-23a">
         <name>.text:_ltostr</name>
         <load_address>0x258c</load_address>
         <run_address>0x258c</run_address>
         <size>0xb1</size>
         <input_file_ref idref="fl-cc"/>
      </object_component>
      <object_component id="oc-3a">
         <name>.text</name>
         <load_address>0x263e</load_address>
         <run_address>0x263e</run_address>
         <size>0x9c</size>
         <input_file_ref idref="fl-d7"/>
      </object_component>
      <object_component id="oc-2be">
         <name>.text</name>
         <load_address>0x26da</load_address>
         <run_address>0x26da</run_address>
         <size>0x96</size>
         <input_file_ref idref="fl-d9"/>
      </object_component>
      <object_component id="oc-290">
         <name>.text:fputc</name>
         <load_address>0x2770</load_address>
         <run_address>0x2770</run_address>
         <size>0x8c</size>
         <input_file_ref idref="fl-cd"/>
      </object_component>
      <object_component id="oc-e2">
         <name>.text:GPIO_setAsPeripheralModuleFunctionInputPin</name>
         <load_address>0x27fc</load_address>
         <run_address>0x27fc</run_address>
         <size>0x88</size>
         <input_file_ref idref="fl-10"/>
      </object_component>
      <object_component id="oc-240">
         <name>.text:__aeabi_cdcmple</name>
         <load_address>0x2884</load_address>
         <run_address>0x2884</run_address>
         <size>0x86</size>
         <input_file_ref idref="fl-d2"/>
      </object_component>
      <object_component id="oc-2cf">
         <name>.text:__aeabi_cdrcmple</name>
         <load_address>0x290a</load_address>
         <run_address>0x290a</run_address>
         <size>0x86</size>
         <input_file_ref idref="fl-d2"/>
      </object_component>
      <object_component id="oc-8e">
         <name>.text</name>
         <load_address>0x2990</load_address>
         <run_address>0x2990</run_address>
         <size>0x7a</size>
         <input_file_ref idref="fl-d8"/>
      </object_component>
      <object_component id="oc-41c">
         <name>.text:__TI_closefile</name>
         <load_address>0x2a0c</load_address>
         <run_address>0x2a0c</run_address>
         <size>0x74</size>
         <input_file_ref idref="fl-102"/>
      </object_component>
      <object_component id="oc-45d">
         <name>.text:split</name>
         <load_address>0x2a80</load_address>
         <run_address>0x2a80</run_address>
         <size>0x70</size>
         <input_file_ref idref="fl-e5"/>
      </object_component>
      <object_component id="oc-2ef">
         <name>.text:_mcpy</name>
         <load_address>0x2af0</load_address>
         <run_address>0x2af0</run_address>
         <size>0x6e</size>
         <input_file_ref idref="fl-cc"/>
      </object_component>
      <object_component id="oc-44c">
         <name>.text:HOSTrename</name>
         <load_address>0x2b60</load_address>
         <run_address>0x2b60</run_address>
         <size>0x6c</size>
         <input_file_ref idref="fl-fb"/>
      </object_component>
      <object_component id="oc-440">
         <name>.text:HOSTlseek</name>
         <load_address>0x2bcc</load_address>
         <run_address>0x2bcc</run_address>
         <size>0x68</size>
         <input_file_ref idref="fl-f8"/>
      </object_component>
      <object_component id="oc-17">
         <name>.text:decompress:lzss:__TI_decompress_lzss</name>
         <load_address>0x2c34</load_address>
         <run_address>0x2c34</run_address>
         <size>0x68</size>
         <input_file_ref idref="fl-dc"/>
      </object_component>
      <object_component id="oc-11e">
         <name>.text:printf</name>
         <load_address>0x2c9c</load_address>
         <run_address>0x2c9c</run_address>
         <size>0x68</size>
         <input_file_ref idref="fl-cb"/>
      </object_component>
      <object_component id="oc-304">
         <name>.text:frexp</name>
         <load_address>0x2d04</load_address>
         <run_address>0x2d04</run_address>
         <size>0x64</size>
         <input_file_ref idref="fl-ed"/>
      </object_component>
      <object_component id="oc-39f">
         <name>.text:fseek</name>
         <load_address>0x2d68</load_address>
         <run_address>0x2d68</run_address>
         <size>0x64</size>
         <input_file_ref idref="fl-f1"/>
      </object_component>
      <object_component id="oc-33b">
         <name>.text:__TI_wrt_ok</name>
         <load_address>0x2dcc</load_address>
         <run_address>0x2dcc</run_address>
         <size>0x62</size>
         <input_file_ref idref="fl-cf"/>
      </object_component>
      <object_component id="oc-428">
         <name>.text:HOSTopen</name>
         <load_address>0x2e30</load_address>
         <run_address>0x2e30</run_address>
         <size>0x60</size>
         <input_file_ref idref="fl-f9"/>
      </object_component>
      <object_component id="oc-464">
         <name>.text:close</name>
         <load_address>0x2e90</load_address>
         <run_address>0x2e90</run_address>
         <size>0x5c</size>
         <input_file_ref idref="fl-108"/>
      </object_component>
      <object_component id="oc-434">
         <name>.text:HOSTread</name>
         <load_address>0x2eec</load_address>
         <run_address>0x2eec</run_address>
         <size>0x58</size>
         <input_file_ref idref="fl-fa"/>
      </object_component>
      <object_component id="oc-43a">
         <name>.text:HOSTwrite</name>
         <load_address>0x2f44</load_address>
         <run_address>0x2f44</run_address>
         <size>0x58</size>
         <input_file_ref idref="fl-fd"/>
      </object_component>
      <object_component id="oc-24b">
         <name>.text:_pconv_f</name>
         <load_address>0x2f9c</load_address>
         <run_address>0x2f9c</run_address>
         <size>0x56</size>
         <input_file_ref idref="fl-cc"/>
      </object_component>
      <object_component id="oc-ee">
         <name>.text:ADC14_initModule</name>
         <load_address>0x2ff4</load_address>
         <run_address>0x2ff4</run_address>
         <size>0x54</size>
         <input_file_ref idref="fl-f"/>
      </object_component>
      <object_component id="oc-2d9">
         <name>.text:__TI_ltoa</name>
         <load_address>0x3048</load_address>
         <run_address>0x3048</run_address>
         <size>0x54</size>
         <input_file_ref idref="fl-df"/>
      </object_component>
      <object_component id="oc-2e9">
         <name>.text:_ecpy</name>
         <load_address>0x309c</load_address>
         <run_address>0x309c</run_address>
         <size>0x52</size>
         <input_file_ref idref="fl-cc"/>
      </object_component>
      <object_component id="oc-347">
         <name>.text:__TI_doflush</name>
         <load_address>0x30ee</load_address>
         <run_address>0x30ee</run_address>
         <size>0x4c</size>
         <input_file_ref idref="fl-ef"/>
      </object_component>
      <object_component id="oc-234">
         <name>.text:atoi</name>
         <load_address>0x313c</load_address>
         <run_address>0x313c</run_address>
         <size>0x4c</size>
         <input_file_ref idref="fl-e0"/>
      </object_component>
      <object_component id="oc-13c">
         <name>.text:exit</name>
         <load_address>0x3188</load_address>
         <run_address>0x3188</run_address>
         <size>0x48</size>
         <input_file_ref idref="fl-dd"/>
      </object_component>
      <object_component id="oc-2d4">
         <name>.text</name>
         <load_address>0x31d0</load_address>
         <run_address>0x31d0</run_address>
         <size>0x48</size>
         <input_file_ref idref="fl-d5"/>
      </object_component>
      <object_component id="oc-42e">
         <name>.text:HOSTclose</name>
         <load_address>0x3218</load_address>
         <run_address>0x3218</run_address>
         <size>0x44</size>
         <input_file_ref idref="fl-f7"/>
      </object_component>
      <object_component id="oc-446">
         <name>.text:HOSTunlink</name>
         <load_address>0x325c</load_address>
         <run_address>0x325c</run_address>
         <size>0x44</size>
         <input_file_ref idref="fl-fc"/>
      </object_component>
      <object_component id="oc-142">
         <name>.text:__TI_auto_init_nobinit_nopinit:__TI_auto_init_nobinit_nopinit</name>
         <load_address>0x32a0</load_address>
         <run_address>0x32a0</run_address>
         <size>0x44</size>
         <input_file_ref idref="fl-f3"/>
      </object_component>
      <object_component id="oc-49c">
         <name>.text:getdevice</name>
         <load_address>0x32e4</load_address>
         <run_address>0x32e4</run_address>
         <size>0x44</size>
         <input_file_ref idref="fl-103"/>
      </object_component>
      <object_component id="oc-2fc">
         <name>.text:_fcpy</name>
         <load_address>0x3328</load_address>
         <run_address>0x3328</run_address>
         <size>0x3e</size>
         <input_file_ref idref="fl-cc"/>
      </object_component>
      <object_component id="oc-475">
         <name>.text:__TI_writemsg</name>
         <load_address>0x3368</load_address>
         <run_address>0x3368</run_address>
         <size>0x38</size>
         <input_file_ref idref="fl-fe"/>
      </object_component>
      <object_component id="oc-4be">
         <name>.text:strncpy</name>
         <load_address>0x33a0</load_address>
         <run_address>0x33a0</run_address>
         <size>0x36</size>
         <input_file_ref idref="fl-106"/>
      </object_component>
      <object_component id="oc-100">
         <name>.text:ADC14_enableSampleTimer</name>
         <load_address>0x33d8</load_address>
         <run_address>0x33d8</run_address>
         <size>0x34</size>
         <input_file_ref idref="fl-f"/>
      </object_component>
      <object_component id="oc-3df">
         <name>.text:__TI_cleanup</name>
         <load_address>0x340c</load_address>
         <run_address>0x340c</run_address>
         <size>0x34</size>
         <input_file_ref idref="fl-f0"/>
      </object_component>
      <object_component id="oc-47b">
         <name>.text:__TI_readmsg</name>
         <load_address>0x3440</load_address>
         <run_address>0x3440</run_address>
         <size>0x34</size>
         <input_file_ref idref="fl-fe"/>
      </object_component>
      <object_component id="oc-58">
         <name>.text:_c_int00_noargs:_c_int00_noargs</name>
         <load_address>0x3474</load_address>
         <run_address>0x3474</run_address>
         <size>0x34</size>
         <input_file_ref idref="fl-e8"/>
      </object_component>
      <object_component id="oc-4c4">
         <name>.text:finddevice</name>
         <load_address>0x34a8</load_address>
         <run_address>0x34a8</run_address>
         <size>0x30</size>
         <input_file_ref idref="fl-103"/>
      </object_component>
      <object_component id="oc-2df">
         <name>.text</name>
         <load_address>0x34d8</load_address>
         <run_address>0x34d8</run_address>
         <size>0x2e</size>
         <input_file_ref idref="fl-d6"/>
      </object_component>
      <object_component id="oc-10c">
         <name>.text:ADC14_toggleConversionTrigger</name>
         <load_address>0x3508</load_address>
         <run_address>0x3508</run_address>
         <size>0x2c</size>
         <input_file_ref idref="fl-f"/>
      </object_component>
      <object_component id="oc-46a">
         <name>.text:unlink</name>
         <load_address>0x3534</load_address>
         <run_address>0x3534</run_address>
         <size>0x2c</size>
         <input_file_ref idref="fl-109"/>
      </object_component>
      <object_component id="oc-106">
         <name>.text:ADC14_enableConversion</name>
         <load_address>0x3560</load_address>
         <run_address>0x3560</run_address>
         <size>0x28</size>
         <input_file_ref idref="fl-f"/>
      </object_component>
      <object_component id="oc-124">
         <name>.text:ADC14_getResult</name>
         <load_address>0x3588</load_address>
         <run_address>0x3588</run_address>
         <size>0x28</size>
         <input_file_ref idref="fl-f"/>
      </object_component>
      <object_component id="oc-40e">
         <name>.text:free_list_insert</name>
         <load_address>0x35b0</load_address>
         <run_address>0x35b0</run_address>
         <size>0x28</size>
         <input_file_ref idref="fl-e5"/>
      </object_component>
      <object_component id="oc-3cb">
         <name>.text:lseek</name>
         <load_address>0x35d8</load_address>
         <run_address>0x35d8</run_address>
         <size>0x28</size>
         <input_file_ref idref="fl-100"/>
      </object_component>
      <object_component id="oc-34d">
         <name>.text:write</name>
         <load_address>0x3600</load_address>
         <run_address>0x3600</run_address>
         <size>0x28</size>
         <input_file_ref idref="fl-e9"/>
      </object_component>
      <object_component id="oc-112">
         <name>.text:WDT_A_holdTimer</name>
         <load_address>0x3628</load_address>
         <run_address>0x3628</run_address>
         <size>0x24</size>
         <input_file_ref idref="fl-13"/>
      </object_component>
      <object_component id="oc-341">
         <name>.text:memchr</name>
         <load_address>0x364c</load_address>
         <run_address>0x364c</run_address>
         <size>0x20</size>
         <input_file_ref idref="fl-e4"/>
      </object_component>
      <object_component id="oc-46">
         <name>.text:decompress:ZI:__TI_zero_init_nomemset:__TI_zero_init_nomemset</name>
         <load_address>0x366c</load_address>
         <run_address>0x366c</run_address>
         <size>0x1c</size>
         <input_file_ref idref="fl-da"/>
      </object_component>
      <object_component id="oc-408">
         <name>.text:free_list_remove</name>
         <load_address>0x3688</load_address>
         <run_address>0x3688</run_address>
         <size>0x1c</size>
         <input_file_ref idref="fl-e5"/>
      </object_component>
      <object_component id="oc-25d">
         <name>.text:memccpy</name>
         <load_address>0x36a4</load_address>
         <run_address>0x36a4</run_address>
         <size>0x1c</size>
         <input_file_ref idref="fl-e3"/>
      </object_component>
      <object_component id="oc-383">
         <name>.text:copysign</name>
         <load_address>0x36c0</load_address>
         <run_address>0x36c0</run_address>
         <size>0x1a</size>
         <input_file_ref idref="fl-101"/>
      </object_component>
      <object_component id="oc-4db">
         <name>.text:strcmp</name>
         <load_address>0x36da</load_address>
         <run_address>0x36da</run_address>
         <size>0x18</size>
         <input_file_ref idref="fl-104"/>
      </object_component>
      <object_component id="oc-310">
         <name>.text:strchr</name>
         <load_address>0x36f2</load_address>
         <run_address>0x36f2</run_address>
         <size>0x16</size>
         <input_file_ref idref="fl-e6"/>
      </object_component>
      <object_component id="oc-48f">
         <name>.text:strcpy</name>
         <load_address>0x3708</load_address>
         <run_address>0x3708</run_address>
         <size>0x14</size>
         <input_file_ref idref="fl-105"/>
      </object_component>
      <object_component id="oc-22e">
         <name>.text:strlen</name>
         <load_address>0x371c</load_address>
         <run_address>0x371c</run_address>
         <size>0x14</size>
         <input_file_ref idref="fl-e7"/>
      </object_component>
      <object_component id="oc-263">
         <name>.text:wcslen</name>
         <load_address>0x3730</load_address>
         <run_address>0x3730</run_address>
         <size>0x12</size>
         <input_file_ref idref="fl-ec"/>
      </object_component>
      <object_component id="oc-194">
         <name>.text:ADCIsConversionRunning</name>
         <load_address>0x3744</load_address>
         <run_address>0x3744</run_address>
         <size>0x10</size>
         <input_file_ref idref="fl-f"/>
      </object_component>
      <object_component id="oc-118">
         <name>.text:Interrupt_disableMaster</name>
         <load_address>0x3754</load_address>
         <run_address>0x3754</run_address>
         <size>0x10</size>
         <input_file_ref idref="fl-11"/>
      </object_component>
      <object_component id="oc-1d">
         <name>.text:decompress:none:__TI_decompress_none</name>
         <load_address>0x3764</load_address>
         <run_address>0x3764</run_address>
         <size>0xe</size>
         <input_file_ref idref="fl-db"/>
      </object_component>
      <object_component id="oc-6a">
         <name>.text</name>
         <load_address>0x3772</load_address>
         <run_address>0x3772</run_address>
         <size>0xe</size>
         <input_file_ref idref="fl-3"/>
      </object_component>
      <object_component id="oc-e8">
         <name>.text:ADC14_enableModule</name>
         <load_address>0x3780</load_address>
         <run_address>0x3780</run_address>
         <size>0xc</size>
         <input_file_ref idref="fl-f"/>
      </object_component>
      <object_component id="oc-1ab">
         <name>.text:CPU_cpsid</name>
         <load_address>0x378c</load_address>
         <run_address>0x378c</run_address>
         <size>0xc</size>
         <input_file_ref idref="fl-14"/>
      </object_component>
      <object_component id="oc-269">
         <name>.text:__aeabi_errno_addr</name>
         <load_address>0x3798</load_address>
         <run_address>0x3798</run_address>
         <size>0x8</size>
         <input_file_ref idref="fl-eb"/>
      </object_component>
      <object_component id="oc-3d9">
         <name>.text:malloc</name>
         <load_address>0x37a0</load_address>
         <run_address>0x37a0</run_address>
         <size>0x8</size>
         <input_file_ref idref="fl-e5"/>
      </object_component>
      <object_component id="oc-1c4">
         <name>.text:_outc</name>
         <load_address>0x37a8</load_address>
         <run_address>0x37a8</run_address>
         <size>0x4</size>
         <input_file_ref idref="fl-cb"/>
      </object_component>
      <object_component id="oc-1be">
         <name>.text:_outs</name>
         <load_address>0x37ac</load_address>
         <run_address>0x37ac</run_address>
         <size>0x4</size>
         <input_file_ref idref="fl-cb"/>
      </object_component>
      <object_component id="oc-94">
         <name>.text:_system_pre_init</name>
         <load_address>0x37b0</load_address>
         <run_address>0x37b0</run_address>
         <size>0x4</size>
         <input_file_ref idref="fl-f4"/>
      </object_component>
      <object_component id="oc-136">
         <name>.text:abort:abort</name>
         <load_address>0x37b4</load_address>
         <run_address>0x37b4</run_address>
         <size>0x4</size>
         <input_file_ref idref="fl-dd"/>
      </object_component>
      <object_component id="oc-2b9">
         <name>.const:.string:_ctypes_</name>
         <load_address>0x37b8</load_address>
         <run_address>0x37b8</run_address>
         <size>0x101</size>
         <input_file_ref idref="fl-e1"/>
      </object_component>
      <object_component id="oc-1a1">
         <name>.const:_ctlRegs</name>
         <load_address>0x38bc</load_address>
         <run_address>0x38bc</run_address>
         <size>0x80</size>
         <input_file_ref idref="fl-f"/>
      </object_component>
      <object_component id="oc-185">
         <name>.const:GPIO_PORT_TO_BASE</name>
         <load_address>0x393c</load_address>
         <run_address>0x393c</run_address>
         <size>0x30</size>
         <input_file_ref idref="fl-10"/>
      </object_component>
      <object_component id="oc-51b">
         <name>.cinit..data.load</name>
         <load_address>0x3970</load_address>
         <run_address>0x3970</run_address>
         <size>0x6d</size>
      </object_component>
      <object_component id="oc-519">
         <name>__TI_handler_table</name>
         <load_address>0x39e0</load_address>
         <run_address>0x39e0</run_address>
         <size>0xc</size>
      </object_component>
      <object_component id="oc-51c">
         <name>.cinit..bss.load</name>
         <load_address>0x39f0</load_address>
         <run_address>0x39f0</run_address>
         <size>0x8</size>
      </object_component>
      <object_component id="oc-51a">
         <name>__TI_cinit_table</name>
         <load_address>0x39f8</load_address>
         <run_address>0x39f8</run_address>
         <size>0x10</size>
      </object_component>
      <object_component id="oc-4ed">
         <name>.binit</name>
         <load_address>0x0</load_address>
         <run_address>0x0</run_address>
         <size>0x0</size>
      </object_component>
      <object_component id="oc-12d">
         <name>.data</name>
         <load_address>0x200005b8</load_address>
         <run_address>0x200005b8</run_address>
         <size>0x10</size>
         <input_file_ref idref="fl-2"/>
      </object_component>
      <object_component id="oc-174">
         <name>.data</name>
         <load_address>0x200005f8</load_address>
         <run_address>0x200005f8</run_address>
         <size>0x4</size>
         <input_file_ref idref="fl-4"/>
      </object_component>
      <object_component id="oc-1d7">
         <name>.data:$O1$$</name>
         <load_address>0x200005d8</load_address>
         <run_address>0x200005d8</run_address>
         <size>0xc</size>
         <input_file_ref idref="fl-dd"/>
      </object_component>
      <object_component id="oc-1b8">
         <name>.data:$O1$$</name>
         <load_address>0x200005e4</load_address>
         <run_address>0x200005e4</run_address>
         <size>0x8</size>
         <input_file_ref idref="fl-de"/>
      </object_component>
      <object_component id="oc-1bb">
         <name>.data:_ftable</name>
         <load_address>0x20000400</load_address>
         <run_address>0x20000400</run_address>
         <size>0xf0</size>
         <input_file_ref idref="fl-e2"/>
      </object_component>
      <object_component id="oc-422">
         <name>.data</name>
         <load_address>0x200005c8</load_address>
         <run_address>0x200005c8</run_address>
         <size>0x10</size>
         <input_file_ref idref="fl-e2"/>
      </object_component>
      <object_component id="oc-458">
         <name>.data:$O1$$</name>
         <load_address>0x200005ec</load_address>
         <run_address>0x200005ec</run_address>
         <size>0x8</size>
         <input_file_ref idref="fl-e5"/>
      </object_component>
      <object_component id="oc-3f2">
         <name>.data:_device</name>
         <load_address>0x200004f0</load_address>
         <run_address>0x200004f0</run_address>
         <size>0x78</size>
         <input_file_ref idref="fl-ea"/>
      </object_component>
      <object_component id="oc-3b1">
         <name>.data:_stream</name>
         <load_address>0x20000568</load_address>
         <run_address>0x20000568</run_address>
         <size>0x50</size>
         <input_file_ref idref="fl-ea"/>
      </object_component>
      <object_component id="oc-320">
         <name>.data</name>
         <load_address>0x200005f4</load_address>
         <run_address>0x200005f4</run_address>
         <size>0x4</size>
         <input_file_ref idref="fl-eb"/>
      </object_component>
      <object_component id="oc-12a">
         <name>.bss:resultsBuffer</name>
         <uninitialized>true</uninitialized>
         <run_address>0x200007bc</run_address>
         <size>0x8</size>
         <input_file_ref idref="fl-2"/>
      </object_component>
      <object_component id="oc-4a6">
         <name>.bss:_CIOBUF_</name>
         <uninitialized>true</uninitialized>
         <run_address>0x200005fc</run_address>
         <size>0x120</size>
         <input_file_ref idref="fl-fe"/>
      </object_component>
      <object_component id="oc-470">
         <name>.common:__TI_tmpnams</name>
         <uninitialized>true</uninitialized>
         <run_address>0x2000071c</run_address>
         <size>0xa0</size>
      </object_component>
      <object_component id="oc-481">
         <name>.common:parmbuf</name>
         <uninitialized>true</uninitialized>
         <run_address>0x200007c4</run_address>
         <size>0x8</size>
      </object_component>
      <object_component id="oc-29">
         <name>.sysmem</name>
         <uninitialized>true</uninitialized>
         <run_address>0x20000000</run_address>
         <size>0x10</size>
         <input_file_ref idref="fl-e5"/>
      </object_component>
      <object_component id="oc-51f">
         <name>.sysmem</name>
         <uninitialized>true</uninitialized>
         <run_address>0x20000000</run_address>
         <size>0x0</size>
      </object_component>
      <object_component id="oc-2c">
         <name>.stack</name>
         <uninitialized>true</uninitialized>
         <run_address>0x2000fe00</run_address>
         <size>0x4</size>
         <input_file_ref idref="fl-e8"/>
      </object_component>
      <object_component id="oc-51e">
         <name>.stack</name>
         <uninitialized>true</uninitialized>
         <run_address>0x2000fe00</run_address>
         <size>0x0</size>
      </object_component>
      <object_component id="oc-182">
         <name>.debug_info</name>
         <load_address>0x0</load_address>
         <run_address>0x0</run_address>
         <size>0xa99</size>
         <input_file_ref idref="fl-2"/>
      </object_component>
      <object_component id="oc-12b">
         <name>.debug_info</name>
         <load_address>0xa99</load_address>
         <run_address>0xa99</run_address>
         <size>0x134</size>
         <input_file_ref idref="fl-2"/>
      </object_component>
      <object_component id="oc-12e">
         <name>.debug_info</name>
         <load_address>0xbcd</load_address>
         <run_address>0xbcd</run_address>
         <size>0x194</size>
         <input_file_ref idref="fl-2"/>
      </object_component>
      <object_component id="oc-9b">
         <name>.debug_info</name>
         <load_address>0xd61</load_address>
         <run_address>0xd61</run_address>
         <size>0x95f</size>
         <input_file_ref idref="fl-2"/>
      </object_component>
      <object_component id="oc-b5">
         <name>.debug_info</name>
         <load_address>0x16c0</load_address>
         <run_address>0x16c0</run_address>
         <size>0x26b</size>
         <input_file_ref idref="fl-2"/>
      </object_component>
      <object_component id="oc-1fc">
         <name>.debug_info</name>
         <load_address>0x192b</load_address>
         <run_address>0x192b</run_address>
         <size>0x1055</size>
         <input_file_ref idref="fl-2"/>
      </object_component>
      <object_component id="oc-1f7">
         <name>.debug_info</name>
         <load_address>0x2980</load_address>
         <run_address>0x2980</run_address>
         <size>0x37e2</size>
         <input_file_ref idref="fl-2"/>
      </object_component>
      <object_component id="oc-201">
         <name>.debug_info</name>
         <load_address>0x6162</load_address>
         <run_address>0x6162</run_address>
         <size>0x439</size>
         <input_file_ref idref="fl-2"/>
      </object_component>
      <object_component id="oc-131">
         <name>.debug_info</name>
         <load_address>0x659b</load_address>
         <run_address>0x659b</run_address>
         <size>0x8b</size>
         <input_file_ref idref="fl-2"/>
      </object_component>
      <object_component id="oc-17d">
         <name>.debug_info</name>
         <load_address>0x6626</load_address>
         <run_address>0x6626</run_address>
         <size>0x2a4</size>
         <input_file_ref idref="fl-2"/>
      </object_component>
      <object_component id="oc-20b">
         <name>.debug_info</name>
         <load_address>0x68ca</load_address>
         <run_address>0x68ca</run_address>
         <size>0xef</size>
         <input_file_ref idref="fl-2"/>
      </object_component>
      <object_component id="oc-178">
         <name>.debug_info</name>
         <load_address>0x69b9</load_address>
         <run_address>0x69b9</run_address>
         <size>0xbb</size>
         <input_file_ref idref="fl-2"/>
      </object_component>
      <object_component id="oc-1cc">
         <name>.debug_info</name>
         <load_address>0x6a74</load_address>
         <run_address>0x6a74</run_address>
         <size>0x2c</size>
         <input_file_ref idref="fl-2"/>
      </object_component>
      <object_component id="oc-206">
         <name>.debug_info</name>
         <load_address>0x6aa0</load_address>
         <run_address>0x6aa0</run_address>
         <size>0x35</size>
         <input_file_ref idref="fl-2"/>
      </object_component>
      <object_component id="oc-72">
         <name>.debug_info</name>
         <load_address>0x6ad5</load_address>
         <run_address>0x6ad5</run_address>
         <size>0x322</size>
         <input_file_ref idref="fl-3"/>
      </object_component>
      <object_component id="oc-27">
         <name>.debug_info</name>
         <load_address>0x6df7</load_address>
         <run_address>0x6df7</run_address>
         <size>0x14e</size>
         <input_file_ref idref="fl-3"/>
      </object_component>
      <object_component id="oc-6b">
         <name>.debug_info</name>
         <load_address>0x6f45</load_address>
         <run_address>0x6f45</run_address>
         <size>0x215</size>
         <input_file_ref idref="fl-3"/>
      </object_component>
      <object_component id="oc-35">
         <name>.debug_info</name>
         <load_address>0x715a</load_address>
         <run_address>0x715a</run_address>
         <size>0x84</size>
         <input_file_ref idref="fl-3"/>
      </object_component>
      <object_component id="oc-175">
         <name>.debug_info</name>
         <load_address>0x71de</load_address>
         <run_address>0x71de</run_address>
         <size>0x147</size>
         <input_file_ref idref="fl-4"/>
      </object_component>
      <object_component id="oc-ad">
         <name>.debug_info</name>
         <load_address>0x7325</load_address>
         <run_address>0x7325</run_address>
         <size>0x2b9</size>
         <input_file_ref idref="fl-4"/>
      </object_component>
      <object_component id="oc-da">
         <name>.debug_info</name>
         <load_address>0x75de</load_address>
         <run_address>0x75de</run_address>
         <size>0x2f1</size>
         <input_file_ref idref="fl-7"/>
      </object_component>
      <object_component id="oc-dd">
         <name>.debug_info</name>
         <load_address>0x78cf</load_address>
         <run_address>0x78cf</run_address>
         <size>0x2e3</size>
         <input_file_ref idref="fl-8"/>
      </object_component>
      <object_component id="oc-1a6">
         <name>.debug_info</name>
         <load_address>0x7bb2</load_address>
         <run_address>0x7bb2</run_address>
         <size>0x706</size>
         <input_file_ref idref="fl-f"/>
      </object_component>
      <object_component id="oc-1a2">
         <name>.debug_info</name>
         <load_address>0x82b8</load_address>
         <run_address>0x82b8</run_address>
         <size>0x124</size>
         <input_file_ref idref="fl-f"/>
      </object_component>
      <object_component id="oc-19e">
         <name>.debug_info</name>
         <load_address>0x83dc</load_address>
         <run_address>0x83dc</run_address>
         <size>0x1d9</size>
         <input_file_ref idref="fl-f"/>
      </object_component>
      <object_component id="oc-197">
         <name>.debug_info</name>
         <load_address>0x85b5</load_address>
         <run_address>0x85b5</run_address>
         <size>0x1b8</size>
         <input_file_ref idref="fl-f"/>
      </object_component>
      <object_component id="oc-eb">
         <name>.debug_info</name>
         <load_address>0x876d</load_address>
         <run_address>0x876d</run_address>
         <size>0x1ad</size>
         <input_file_ref idref="fl-f"/>
      </object_component>
      <object_component id="oc-103">
         <name>.debug_info</name>
         <load_address>0x891a</load_address>
         <run_address>0x891a</run_address>
         <size>0x233</size>
         <input_file_ref idref="fl-f"/>
      </object_component>
      <object_component id="oc-f0">
         <name>.debug_info</name>
         <load_address>0x8b4d</load_address>
         <run_address>0x8b4d</run_address>
         <size>0x2fa</size>
         <input_file_ref idref="fl-f"/>
      </object_component>
      <object_component id="oc-f6">
         <name>.debug_info</name>
         <load_address>0x8e47</load_address>
         <run_address>0x8e47</run_address>
         <size>0x308</size>
         <input_file_ref idref="fl-f"/>
      </object_component>
      <object_component id="oc-108">
         <name>.debug_info</name>
         <load_address>0x914f</load_address>
         <run_address>0x914f</run_address>
         <size>0x1d9</size>
         <input_file_ref idref="fl-f"/>
      </object_component>
      <object_component id="oc-10e">
         <name>.debug_info</name>
         <load_address>0x9328</load_address>
         <run_address>0x9328</run_address>
         <size>0x1ca</size>
         <input_file_ref idref="fl-f"/>
      </object_component>
      <object_component id="oc-fc">
         <name>.debug_info</name>
         <load_address>0x94f2</load_address>
         <run_address>0x94f2</run_address>
         <size>0x38b</size>
         <input_file_ref idref="fl-f"/>
      </object_component>
      <object_component id="oc-126">
         <name>.debug_info</name>
         <load_address>0x987d</load_address>
         <run_address>0x987d</run_address>
         <size>0x22f</size>
         <input_file_ref idref="fl-f"/>
      </object_component>
      <object_component id="oc-21e">
         <name>.debug_info</name>
         <load_address>0x9aac</load_address>
         <run_address>0x9aac</run_address>
         <size>0x431a</size>
         <input_file_ref idref="fl-f"/>
      </object_component>
      <object_component id="oc-228">
         <name>.debug_info</name>
         <load_address>0xddc6</load_address>
         <run_address>0xddc6</run_address>
         <size>0x26b</size>
         <input_file_ref idref="fl-f"/>
      </object_component>
      <object_component id="oc-223">
         <name>.debug_info</name>
         <load_address>0xe031</load_address>
         <run_address>0xe031</run_address>
         <size>0x1028</size>
         <input_file_ref idref="fl-f"/>
      </object_component>
      <object_component id="oc-213">
         <name>.debug_info</name>
         <load_address>0xf059</load_address>
         <run_address>0xf059</run_address>
         <size>0x297</size>
         <input_file_ref idref="fl-f"/>
      </object_component>
      <object_component id="oc-189">
         <name>.debug_info</name>
         <load_address>0xf2f0</load_address>
         <run_address>0xf2f0</run_address>
         <size>0xef</size>
         <input_file_ref idref="fl-f"/>
      </object_component>
      <object_component id="oc-18e">
         <name>.debug_info</name>
         <load_address>0xf3df</load_address>
         <run_address>0xf3df</run_address>
         <size>0xbb</size>
         <input_file_ref idref="fl-f"/>
      </object_component>
      <object_component id="oc-212">
         <name>.debug_info</name>
         <load_address>0xf49a</load_address>
         <run_address>0xf49a</run_address>
         <size>0x701</size>
         <input_file_ref idref="fl-10"/>
      </object_component>
      <object_component id="oc-186">
         <name>.debug_info</name>
         <load_address>0xfb9b</load_address>
         <run_address>0xfb9b</run_address>
         <size>0x135</size>
         <input_file_ref idref="fl-10"/>
      </object_component>
      <object_component id="oc-e5">
         <name>.debug_info</name>
         <load_address>0xfcd0</load_address>
         <run_address>0xfcd0</run_address>
         <size>0x2a3</size>
         <input_file_ref idref="fl-10"/>
      </object_component>
      <object_component id="oc-119">
         <name>.debug_info</name>
         <load_address>0xff73</load_address>
         <run_address>0xff73</run_address>
         <size>0x1d7</size>
         <input_file_ref idref="fl-11"/>
      </object_component>
      <object_component id="oc-114">
         <name>.debug_info</name>
         <load_address>0x1014a</load_address>
         <run_address>0x1014a</run_address>
         <size>0x1c9</size>
         <input_file_ref idref="fl-13"/>
      </object_component>
      <object_component id="oc-1ac">
         <name>.debug_info</name>
         <load_address>0x10313</load_address>
         <run_address>0x10313</run_address>
         <size>0x199</size>
         <input_file_ref idref="fl-14"/>
      </object_component>
      <object_component id="oc-1cb">
         <name>.debug_info</name>
         <load_address>0x104ac</load_address>
         <run_address>0x104ac</run_address>
         <size>0x3e5</size>
         <input_file_ref idref="fl-cb"/>
      </object_component>
      <object_component id="oc-1c8">
         <name>.debug_info</name>
         <load_address>0x10891</load_address>
         <run_address>0x10891</run_address>
         <size>0x157</size>
         <input_file_ref idref="fl-cb"/>
      </object_component>
      <object_component id="oc-1c0">
         <name>.debug_info</name>
         <load_address>0x109e8</load_address>
         <run_address>0x109e8</run_address>
         <size>0x166</size>
         <input_file_ref idref="fl-cb"/>
      </object_component>
      <object_component id="oc-121">
         <name>.debug_info</name>
         <load_address>0x10b4e</load_address>
         <run_address>0x10b4e</run_address>
         <size>0x1ac</size>
         <input_file_ref idref="fl-cb"/>
      </object_component>
      <object_component id="oc-299">
         <name>.debug_info</name>
         <load_address>0x10cfa</load_address>
         <run_address>0x10cfa</run_address>
         <size>0xb2</size>
         <input_file_ref idref="fl-cb"/>
      </object_component>
      <object_component id="oc-270">
         <name>.debug_info</name>
         <load_address>0x10dac</load_address>
         <run_address>0x10dac</run_address>
         <size>0x590</size>
         <input_file_ref idref="fl-cc"/>
      </object_component>
      <object_component id="oc-23e">
         <name>.debug_info</name>
         <load_address>0x1133c</load_address>
         <run_address>0x1133c</run_address>
         <size>0x21e</size>
         <input_file_ref idref="fl-cc"/>
      </object_component>
      <object_component id="oc-2ec">
         <name>.debug_info</name>
         <load_address>0x1155a</load_address>
         <run_address>0x1155a</run_address>
         <size>0x1b3</size>
         <input_file_ref idref="fl-cc"/>
      </object_component>
      <object_component id="oc-2f2">
         <name>.debug_info</name>
         <load_address>0x1170d</load_address>
         <run_address>0x1170d</run_address>
         <size>0x21b</size>
         <input_file_ref idref="fl-cc"/>
      </object_component>
      <object_component id="oc-248">
         <name>.debug_info</name>
         <load_address>0x11928</load_address>
         <run_address>0x11928</run_address>
         <size>0x3c0</size>
         <input_file_ref idref="fl-cc"/>
      </object_component>
      <object_component id="oc-2fa">
         <name>.debug_info</name>
         <load_address>0x11ce8</load_address>
         <run_address>0x11ce8</run_address>
         <size>0x30a</size>
         <input_file_ref idref="fl-cc"/>
      </object_component>
      <object_component id="oc-2ff">
         <name>.debug_info</name>
         <load_address>0x11ff2</load_address>
         <run_address>0x11ff2</run_address>
         <size>0x215</size>
         <input_file_ref idref="fl-cc"/>
      </object_component>
      <object_component id="oc-24f">
         <name>.debug_info</name>
         <load_address>0x12207</load_address>
         <run_address>0x12207</run_address>
         <size>0x215</size>
         <input_file_ref idref="fl-cc"/>
      </object_component>
      <object_component id="oc-255">
         <name>.debug_info</name>
         <load_address>0x1241c</load_address>
         <run_address>0x1241c</run_address>
         <size>0x304</size>
         <input_file_ref idref="fl-cc"/>
      </object_component>
      <object_component id="oc-25b">
         <name>.debug_info</name>
         <load_address>0x12720</load_address>
         <run_address>0x12720</run_address>
         <size>0x4b5</size>
         <input_file_ref idref="fl-cc"/>
      </object_component>
      <object_component id="oc-1b6">
         <name>.debug_info</name>
         <load_address>0x12bd5</load_address>
         <run_address>0x12bd5</run_address>
         <size>0x5f4</size>
         <input_file_ref idref="fl-cc"/>
      </object_component>
      <object_component id="oc-271">
         <name>.debug_info</name>
         <load_address>0x131c9</load_address>
         <run_address>0x131c9</run_address>
         <size>0x86</size>
         <input_file_ref idref="fl-cc"/>
      </object_component>
      <object_component id="oc-32c">
         <name>.debug_info</name>
         <load_address>0x1324f</load_address>
         <run_address>0x1324f</run_address>
         <size>0x39</size>
         <input_file_ref idref="fl-cc"/>
      </object_component>
      <object_component id="oc-39a">
         <name>.debug_info</name>
         <load_address>0x13288</load_address>
         <run_address>0x13288</run_address>
         <size>0xb6</size>
         <input_file_ref idref="fl-cc"/>
      </object_component>
      <object_component id="oc-331">
         <name>.debug_info</name>
         <load_address>0x1333e</load_address>
         <run_address>0x1333e</run_address>
         <size>0x46</size>
         <input_file_ref idref="fl-cc"/>
      </object_component>
      <object_component id="oc-276">
         <name>.debug_info</name>
         <load_address>0x13384</load_address>
         <run_address>0x13384</run_address>
         <size>0x46</size>
         <input_file_ref idref="fl-cc"/>
      </object_component>
      <object_component id="oc-327">
         <name>.debug_info</name>
         <load_address>0x133ca</load_address>
         <run_address>0x133ca</run_address>
         <size>0x2c</size>
         <input_file_ref idref="fl-cc"/>
      </object_component>
      <object_component id="oc-356">
         <name>.debug_info</name>
         <load_address>0x133f6</load_address>
         <run_address>0x133f6</run_address>
         <size>0x383</size>
         <input_file_ref idref="fl-cd"/>
      </object_component>
      <object_component id="oc-291">
         <name>.debug_info</name>
         <load_address>0x13779</load_address>
         <run_address>0x13779</run_address>
         <size>0x1ea</size>
         <input_file_ref idref="fl-cd"/>
      </object_component>
      <object_component id="oc-354">
         <name>.debug_info</name>
         <load_address>0x13963</load_address>
         <run_address>0x13963</run_address>
         <size>0x3fc</size>
         <input_file_ref idref="fl-ce"/>
      </object_component>
      <object_component id="oc-28a">
         <name>.debug_info</name>
         <load_address>0x13d5f</load_address>
         <run_address>0x13d5f</run_address>
         <size>0x2e2</size>
         <input_file_ref idref="fl-ce"/>
      </object_component>
      <object_component id="oc-cd">
         <name>.debug_info</name>
         <load_address>0x14041</load_address>
         <run_address>0x14041</run_address>
         <size>0x2c</size>
         <input_file_ref idref="fl-ce"/>
      </object_component>
      <object_component id="oc-3ac">
         <name>.debug_info</name>
         <load_address>0x1406d</load_address>
         <run_address>0x1406d</run_address>
         <size>0x300</size>
         <input_file_ref idref="fl-cf"/>
      </object_component>
      <object_component id="oc-33c">
         <name>.debug_info</name>
         <load_address>0x1436d</load_address>
         <run_address>0x1436d</run_address>
         <size>0x19c</size>
         <input_file_ref idref="fl-cf"/>
      </object_component>
      <object_component id="oc-3e7">
         <name>.debug_info</name>
         <load_address>0x14509</load_address>
         <run_address>0x14509</run_address>
         <size>0xbf</size>
         <input_file_ref idref="fl-cf"/>
      </object_component>
      <object_component id="oc-3e6">
         <name>.debug_info</name>
         <load_address>0x145c8</load_address>
         <run_address>0x145c8</run_address>
         <size>0x374</size>
         <input_file_ref idref="fl-d0"/>
      </object_component>
      <object_component id="oc-3a8">
         <name>.debug_info</name>
         <load_address>0x1493c</load_address>
         <run_address>0x1493c</run_address>
         <size>0x20b</size>
         <input_file_ref idref="fl-d0"/>
      </object_component>
      <object_component id="oc-2e6">
         <name>.debug_info</name>
         <load_address>0x14b47</load_address>
         <run_address>0x14b47</run_address>
         <size>0x14c</size>
         <input_file_ref idref="fl-d1"/>
      </object_component>
      <object_component id="oc-241">
         <name>.debug_info</name>
         <load_address>0x14c93</load_address>
         <run_address>0x14c93</run_address>
         <size>0x128</size>
         <input_file_ref idref="fl-d2"/>
      </object_component>
      <object_component id="oc-2d0">
         <name>.debug_info</name>
         <load_address>0x14dbb</load_address>
         <run_address>0x14dbb</run_address>
         <size>0x12a</size>
         <input_file_ref idref="fl-d2"/>
      </object_component>
      <object_component id="oc-2cb">
         <name>.debug_info</name>
         <load_address>0x14ee5</load_address>
         <run_address>0x14ee5</run_address>
         <size>0x13a</size>
         <input_file_ref idref="fl-d3"/>
      </object_component>
      <object_component id="oc-2c6">
         <name>.debug_info</name>
         <load_address>0x1501f</load_address>
         <run_address>0x1501f</run_address>
         <size>0x13a</size>
         <input_file_ref idref="fl-d4"/>
      </object_component>
      <object_component id="oc-2d6">
         <name>.debug_info</name>
         <load_address>0x15159</load_address>
         <run_address>0x15159</run_address>
         <size>0x12e</size>
         <input_file_ref idref="fl-d5"/>
      </object_component>
      <object_component id="oc-2e2">
         <name>.debug_info</name>
         <load_address>0x15287</load_address>
         <run_address>0x15287</run_address>
         <size>0x12c</size>
         <input_file_ref idref="fl-d6"/>
      </object_component>
      <object_component id="oc-3d">
         <name>.debug_info</name>
         <load_address>0x153b3</load_address>
         <run_address>0x153b3</run_address>
         <size>0x119</size>
         <input_file_ref idref="fl-d7"/>
      </object_component>
      <object_component id="oc-91">
         <name>.debug_info</name>
         <load_address>0x154cc</load_address>
         <run_address>0x154cc</run_address>
         <size>0x147</size>
         <input_file_ref idref="fl-d8"/>
      </object_component>
      <object_component id="oc-2bf">
         <name>.debug_info</name>
         <load_address>0x15613</load_address>
         <run_address>0x15613</run_address>
         <size>0x134</size>
         <input_file_ref idref="fl-d9"/>
      </object_component>
      <object_component id="oc-8d">
         <name>.debug_info</name>
         <load_address>0x15747</load_address>
         <run_address>0x15747</run_address>
         <size>0x2d4</size>
         <input_file_ref idref="fl-da"/>
      </object_component>
      <object_component id="oc-47">
         <name>.debug_info</name>
         <load_address>0x15a1b</load_address>
         <run_address>0x15a1b</run_address>
         <size>0x1d2</size>
         <input_file_ref idref="fl-da"/>
      </object_component>
      <object_component id="oc-88">
         <name>.debug_info</name>
         <load_address>0x15bed</load_address>
         <run_address>0x15bed</run_address>
         <size>0x46</size>
         <input_file_ref idref="fl-da"/>
      </object_component>
      <object_component id="oc-45">
         <name>.debug_info</name>
         <load_address>0x15c33</load_address>
         <run_address>0x15c33</run_address>
         <size>0x2a8</size>
         <input_file_ref idref="fl-db"/>
      </object_component>
      <object_component id="oc-1e">
         <name>.debug_info</name>
         <load_address>0x15edb</load_address>
         <run_address>0x15edb</run_address>
         <size>0x1ea</size>
         <input_file_ref idref="fl-db"/>
      </object_component>
      <object_component id="oc-40">
         <name>.debug_info</name>
         <load_address>0x160c5</load_address>
         <run_address>0x160c5</run_address>
         <size>0x46</size>
         <input_file_ref idref="fl-db"/>
      </object_component>
      <object_component id="oc-80">
         <name>.debug_info</name>
         <load_address>0x1610b</load_address>
         <run_address>0x1610b</run_address>
         <size>0x2c</size>
         <input_file_ref idref="fl-db"/>
      </object_component>
      <object_component id="oc-7e">
         <name>.debug_info</name>
         <load_address>0x16137</load_address>
         <run_address>0x16137</run_address>
         <size>0x29e</size>
         <input_file_ref idref="fl-dc"/>
      </object_component>
      <object_component id="oc-1b">
         <name>.debug_info</name>
         <load_address>0x163d5</load_address>
         <run_address>0x163d5</run_address>
         <size>0x250</size>
         <input_file_ref idref="fl-dc"/>
      </object_component>
      <object_component id="oc-30">
         <name>.debug_info</name>
         <load_address>0x16625</load_address>
         <run_address>0x16625</run_address>
         <size>0x60</size>
         <input_file_ref idref="fl-dc"/>
      </object_component>
      <object_component id="oc-c6">
         <name>.debug_info</name>
         <load_address>0x16685</load_address>
         <run_address>0x16685</run_address>
         <size>0x46</size>
         <input_file_ref idref="fl-dc"/>
      </object_component>
      <object_component id="oc-79">
         <name>.debug_info</name>
         <load_address>0x166cb</load_address>
         <run_address>0x166cb</run_address>
         <size>0x39</size>
         <input_file_ref idref="fl-dc"/>
      </object_component>
      <object_component id="oc-1db">
         <name>.debug_info</name>
         <load_address>0x16704</load_address>
         <run_address>0x16704</run_address>
         <size>0x3ad</size>
         <input_file_ref idref="fl-dd"/>
      </object_component>
      <object_component id="oc-1d8">
         <name>.debug_info</name>
         <load_address>0x16ab1</load_address>
         <run_address>0x16ab1</run_address>
         <size>0x190</size>
         <input_file_ref idref="fl-dd"/>
      </object_component>
      <object_component id="oc-138">
         <name>.debug_info</name>
         <load_address>0x16c41</load_address>
         <run_address>0x16c41</run_address>
         <size>0x122</size>
         <input_file_ref idref="fl-dd"/>
      </object_component>
      <object_component id="oc-13f">
         <name>.debug_info</name>
         <load_address>0x16d63</load_address>
         <run_address>0x16d63</run_address>
         <size>0x184</size>
         <input_file_ref idref="fl-dd"/>
      </object_component>
      <object_component id="oc-283">
         <name>.debug_info</name>
         <load_address>0x16ee7</load_address>
         <run_address>0x16ee7</run_address>
         <size>0x2c9</size>
         <input_file_ref idref="fl-de"/>
      </object_component>
      <object_component id="oc-1b9">
         <name>.debug_info</name>
         <load_address>0x171b0</load_address>
         <run_address>0x171b0</run_address>
         <size>0x11e</size>
         <input_file_ref idref="fl-de"/>
      </object_component>
      <object_component id="oc-27e">
         <name>.debug_info</name>
         <load_address>0x172ce</load_address>
         <run_address>0x172ce</run_address>
         <size>0x12e</size>
         <input_file_ref idref="fl-de"/>
      </object_component>
      <object_component id="oc-375">
         <name>.debug_info</name>
         <load_address>0x173fc</load_address>
         <run_address>0x173fc</run_address>
         <size>0x29c</size>
         <input_file_ref idref="fl-df"/>
      </object_component>
      <object_component id="oc-2dc">
         <name>.debug_info</name>
         <load_address>0x17698</load_address>
         <run_address>0x17698</run_address>
         <size>0x1da</size>
         <input_file_ref idref="fl-df"/>
      </object_component>
      <object_component id="oc-2bd">
         <name>.debug_info</name>
         <load_address>0x17872</load_address>
         <run_address>0x17872</run_address>
         <size>0x2b9</size>
         <input_file_ref idref="fl-e0"/>
      </object_component>
      <object_component id="oc-237">
         <name>.debug_info</name>
         <load_address>0x17b2b</load_address>
         <run_address>0x17b2b</run_address>
         <size>0x17c</size>
         <input_file_ref idref="fl-e0"/>
      </object_component>
      <object_component id="oc-367">
         <name>.debug_info</name>
         <load_address>0x17ca7</load_address>
         <run_address>0x17ca7</run_address>
         <size>0xf9</size>
         <input_file_ref idref="fl-e1"/>
      </object_component>
      <object_component id="oc-2ba">
         <name>.debug_info</name>
         <load_address>0x17da0</load_address>
         <run_address>0x17da0</run_address>
         <size>0x105</size>
         <input_file_ref idref="fl-e1"/>
      </object_component>
      <object_component id="oc-287">
         <name>.debug_info</name>
         <load_address>0x17ea5</load_address>
         <run_address>0x17ea5</run_address>
         <size>0x144</size>
         <input_file_ref idref="fl-e2"/>
      </object_component>
      <object_component id="oc-1bc">
         <name>.debug_info</name>
[...]
      </symbol>
      <symbol id="sm-4c4">
         <name>__aeabi_dmul</name>
         <value>0x1ff9</value>
         <object_component_ref idref="oc-2c5"/>
      </symbol>
      <symbol id="sm-4ce">
         <name>__aeabi_d2iz</name>
         <value>0x31d1</value>
         <object_component_ref idref="oc-2d4"/>
      </symbol>
      <symbol id="sm-4d8">
         <name>__aeabi_i2d</name>
         <value>0x34d9</value>
         <object_component_ref idref="oc-2df"/>
      </symbol>
      <symbol id="sm-4f3">
         <name>memcpy</name>
         <value>0x263f</value>
         <object_component_ref idref="oc-3a"/>
      </symbol>
      <symbol id="sm-4f4">
         <name>__aeabi_memcpy</name>
         <value>0x263f</value>
         <object_component_ref idref="oc-3a"/>
      </symbol>
      <symbol id="sm-4f5">
         <name>__aeabi_memcpy8</name>
         <value>0x263f</value>
         <object_component_ref idref="oc-3a"/>
      </symbol>
      <symbol id="sm-4f6">
         <name>__aeabi_memcpy4</name>
         <value>0x263f</value>
         <object_component_ref idref="oc-3a"/>
      </symbol>
      <symbol id="sm-505">
         <name>__aeabi_memset</name>
         <value>0x2993</value>
         <object_component_ref idref="oc-8e"/>
      </symbol>
      <symbol id="sm-506">
         <name>memset</name>
         <value>0x2999</value>
         <object_component_ref idref="oc-8e"/>
      </symbol>
      <symbol id="sm-507">
         <name>__aeabi_memset8</name>
         <value>0x2993</value>
         <object_component_ref idref="oc-8e"/>
      </symbol>
      <symbol id="sm-508">
         <name>__aeabi_memset4</name>
         <value>0x2993</value>
         <object_component_ref idref="oc-8e"/>
      </symbol>
      <symbol id="sm-509">
         <name>__aeabi_memclr8</name>
         <value>0x2991</value>
         <object_component_ref idref="oc-8e"/>
      </symbol>
      <symbol id="sm-50a">
         <name>__aeabi_memclr4</name>
         <value>0x2991</value>
         <object_component_ref idref="oc-8e"/>
      </symbol>
      <symbol id="sm-50b">
         <name>__aeabi_memclr</name>
         <value>0x2991</value>
         <object_component_ref idref="oc-8e"/>
      </symbol>
      <symbol id="sm-518">
         <name>__aeabi_uldivmod</name>
         <value>0x26db</value>
         <object_component_ref idref="oc-2be"/>
      </symbol>
      <symbol id="sm-52c">
         <name>__TI_zero_init_nomemset</name>
         <value>0x366d</value>
         <object_component_ref idref="oc-46"/>
      </symbol>
      <symbol id="sm-543">
         <name>__TI_decompress_none</name>
         <value>0x3765</value>
         <object_component_ref idref="oc-1d"/>
      </symbol>
      <symbol id="sm-566">
         <name>__TI_decompress_lzss</name>
         <value>0x2c35</value>
         <object_component_ref idref="oc-17"/>
      </symbol>
      <symbol id="sm-58c">
         <name>C$$EXIT</name>
         <value>0x37b5</value>
         <object_component_ref idref="oc-136"/>
      </symbol>
      <symbol id="sm-58d">
         <name>abort</name>
         <value>0x37b5</value>
         <object_component_ref idref="oc-136"/>
      </symbol>
      <symbol id="sm-58e">
         <name>__TI_dtors_ptr</name>
         <value>0x200005dc</value>
         <object_component_ref idref="oc-1d7"/>
      </symbol>
      <symbol id="sm-58f">
         <name>__TI_cleanup_ptr</name>
         <value>0x200005d8</value>
         <object_component_ref idref="oc-1d7"/>
      </symbol>
      <symbol id="sm-590">
         <name>__TI_enable_exit_profile_output</name>
         <value>0x200005e0</value>
         <object_component_ref idref="oc-1d7"/>
      </symbol>
      <symbol id="sm-591">
         <name>exit</name>
         <value>0x3189</value>
         <object_component_ref idref="oc-13c"/>
      </symbol>
      <symbol id="sm-5a6">
         <name>_nop</name>
         <value>0xb33</value>
         <object_component_ref idref="oc-27b"/>
      </symbol>
      <symbol id="sm-5a7">
         <name>_lock</name>
         <value>0x200005e4</value>
         <object_component_ref idref="oc-1b8"/>
      </symbol>
      <symbol id="sm-5a8">
         <name>_unlock</name>
         <value>0x200005e8</value>
         <object_component_ref idref="oc-1b8"/>
      </symbol>
      <symbol id="sm-5b7">
         <name>__TI_ltoa</name>
         <value>0x3049</value>
         <object_component_ref idref="oc-2d9"/>
      </symbol>
      <symbol id="sm-5cd">
         <name>atoi</name>
         <value>0x313d</value>
         <object_component_ref idref="oc-234"/>
      </symbol>
      <symbol id="sm-5d8">
         <name>_ctypes_</name>
         <value>0x37b8</value>
         <object_component_ref idref="oc-2b9"/>
      </symbol>
      <symbol id="sm-5ed">
         <name>__TI_tmpnams</name>
         <value>0x2000071c</value>
      </symbol>
      <symbol id="sm-5ee">
         <name>__aeabi_stdout</name>
         <value>0x200005d0</value>
         <object_component_ref idref="oc-422"/>
      </symbol>
      <symbol id="sm-5ef">
         <name>__aeabi_stderr</name>
         <value>0x200005d4</value>
         <object_component_ref idref="oc-422"/>
      </symbol>
      <symbol id="sm-5f0">
         <name>__aeabi_stdin</name>
         <value>0x200005cc</value>
         <object_component_ref idref="oc-422"/>
      </symbol>
      <symbol id="sm-5f1">
         <name>_ftable</name>
         <value>0x20000400</value>
         <object_component_ref idref="oc-1bb"/>
      </symbol>
      <symbol id="sm-5f2">
         <name>__TI_ft_end</name>
         <value>0x200005c8</value>
         <object_component_ref idref="oc-422"/>
      </symbol>
      <symbol id="sm-602">
         <name>memccpy</name>
         <value>0x36a5</value>
         <object_component_ref idref="oc-25d"/>
      </symbol>
      <symbol id="sm-612">
         <name>memchr</name>
         <value>0x364d</value>
         <object_component_ref idref="oc-341"/>
      </symbol>
      <symbol id="sm-69b">
         <name>_sys_memory</name>
         <value>0x20000000</value>
         <object_component_ref idref="oc-29"/>
      </symbol>
      <symbol id="sm-69c">
         <name>free</name>
         <value>0x20f5</value>
         <object_component_ref idref="oc-3d3"/>
      </symbol>
      <symbol id="sm-69d">
         <name>memalign</name>
         <value>0x1ef9</value>
         <object_component_ref idref="oc-415"/>
      </symbol>
      <symbol id="sm-69e">
         <name>malloc</name>
         <value>0x37a1</value>
         <object_component_ref idref="oc-3d9"/>
      </symbol>
      <symbol id="sm-69f">
         <name>aligned_alloc</name>
         <value>0x1ef9</value>
         <object_component_ref idref="oc-415"/>
      </symbol>
      <symbol id="sm-6af">
         <name>strchr</name>
         <value>0x36f3</value>
         <object_component_ref idref="oc-310"/>
      </symbol>
      <symbol id="sm-6bd">
         <name>strlen</name>
         <value>0x371d</value>
         <object_component_ref idref="oc-22e"/>
      </symbol>
      <symbol id="sm-6d0">
         <name>__stack</name>
         <value>0x2000fe00</value>
         <object_component_ref idref="oc-2c"/>
      </symbol>
      <symbol id="sm-6d1">
         <name>_c_int00_noargs</name>
         <value>0x3475</value>
         <object_component_ref idref="oc-58"/>
      </symbol>
      <symbol id="sm-6eb">
         <name>write</name>
         <value>0x3601</value>
         <object_component_ref idref="oc-34d"/>
      </symbol>
      <symbol id="sm-6fc">
         <name>_stream</name>
         <value>0x20000568</value>
         <object_component_ref idref="oc-3b1"/>
      </symbol>
      <symbol id="sm-6fd">
         <name>_device</name>
         <value>0x200004f0</value>
         <object_component_ref idref="oc-3f2"/>
      </symbol>
      <symbol id="sm-713">
         <name>__aeabi_errno_addr</name>
         <value>0x3799</value>
         <object_component_ref idref="oc-269"/>
      </symbol>
      <symbol id="sm-714">
         <name>errno</name>
         <value>0x200005f4</value>
         <object_component_ref idref="oc-320"/>
      </symbol>
      <symbol id="sm-72d">
         <name>wcslen</name>
         <value>0x3731</value>
         <object_component_ref idref="oc-263"/>
      </symbol>
      <symbol id="sm-74d">
         <name>frexpl</name>
         <value>0x2d05</value>
         <object_component_ref idref="oc-304"/>
      </symbol>
      <symbol id="sm-74e">
         <name>frexp</name>
         <value>0x2d05</value>
         <object_component_ref idref="oc-304"/>
      </symbol>
      <symbol id="sm-76b">
         <name>scalbn</name>
         <value>0x1de9</value>
         <object_component_ref idref="oc-30a"/>
      </symbol>
      <symbol id="sm-76c">
         <name>scalbnl</name>
         <value>0x1de9</value>
         <object_component_ref idref="oc-30a"/>
      </symbol>
      <symbol id="sm-76d">
         <name>ldexpl</name>
         <value>0x1de9</value>
         <object_component_ref idref="oc-30a"/>
      </symbol>
      <symbol id="sm-76e">
         <name>ldexp</name>
         <value>0x1de9</value>
         <object_component_ref idref="oc-30a"/>
      </symbol>
      <symbol id="sm-77e">
         <name>__TI_doflush</name>
         <value>0x30ef</value>
         <object_component_ref idref="oc-347"/>
      </symbol>
      <symbol id="sm-78e">
         <name>__TI_cleanup</name>
         <value>0x340d</value>
         <object_component_ref idref="oc-3df"/>
      </symbol>
      <symbol id="sm-7a0">
         <name>fseek</name>
         <value>0x2d69</value>
         <object_component_ref idref="oc-39f"/>
      </symbol>
      <symbol id="sm-7aa">
         <name>__aeabi_idiv0</name>
         <value>0x17db</value>
         <object_component_ref idref="oc-36a"/>
      </symbol>
      <symbol id="sm-7ab">
         <name>__aeabi_ldiv0</name>
         <value>0x17db</value>
         <object_component_ref idref="oc-36a"/>
      </symbol>
      <symbol id="sm-7d3">
         <name>__TI_auto_init_nobinit_nopinit</name>
         <value>0x32a1</value>
         <object_component_ref idref="oc-142"/>
      </symbol>
      <symbol id="sm-7dd">
         <name>_system_pre_init</name>
         <value>0x37b1</value>
         <object_component_ref idref="oc-94"/>
      </symbol>
      <symbol id="sm-7f0">
         <name>HOSTclose</name>
         <value>0x3219</value>
         <object_component_ref idref="oc-42e"/>
      </symbol>
      <symbol id="sm-801">
         <name>HOSTlseek</name>
         <value>0x2bcd</value>
         <object_component_ref idref="oc-440"/>
      </symbol>
      <symbol id="sm-813">
         <name>parmbuf</name>
         <value>0x200007c4</value>
      </symbol>
      <symbol id="sm-814">
         <name>HOSTopen</name>
         <value>0x2e31</value>
         <object_component_ref idref="oc-428"/>
      </symbol>
      <symbol id="sm-825">
         <name>HOSTread</name>
         <value>0x2eed</value>
         <object_component_ref idref="oc-434"/>
      </symbol>
      <symbol id="sm-836">
         <name>HOSTrename</name>
         <value>0x2b61</value>
         <object_component_ref idref="oc-44c"/>
      </symbol>
      <symbol id="sm-847">
         <name>HOSTunlink</name>
         <value>0x325d</value>
         <object_component_ref idref="oc-446"/>
      </symbol>
      <symbol id="sm-858">
         <name>HOSTwrite</name>
         <value>0x2f45</value>
         <object_component_ref idref="oc-43a"/>
      </symbol>
      <symbol id="sm-87c">
         <name>__TI_readmsg</name>
         <value>0x3441</value>
         <object_component_ref idref="oc-47b"/>
      </symbol>
      <symbol id="sm-87d">
         <name>C$$IO$$</name>
         <value>0x3397</value>
         <object_component_ref idref="oc-475"/>
      </symbol>
      <symbol id="sm-87e">
         <name>__CIOBUF_</name>
         <value>0x200005fc</value>
         <object_component_ref idref="oc-4a6"/>
      </symbol>
      <symbol id="sm-87f">
         <name>__TI_writemsg</name>
         <value>0x3369</value>
         <object_component_ref idref="oc-475"/>
      </symbol>
      <symbol id="sm-890">
         <name>lseek</name>
         <value>0x35d9</value>
         <object_component_ref idref="oc-3cb"/>
      </symbol>
      <symbol id="sm-89a">
         <name>copysign</name>
         <value>0x36c1</value>
         <object_component_ref idref="oc-383"/>
      </symbol>
      <symbol id="sm-89b">
         <name>copysignl</name>
         <value>0x36c1</value>
         <object_component_ref idref="oc-383"/>
      </symbol>
      <symbol id="sm-8b0">
         <name>__TI_closefile</name>
         <value>0x2a0d</value>
         <object_component_ref idref="oc-41c"/>
      </symbol>
      <symbol id="sm-8d3">
         <name>finddevice</name>
         <value>0x34a9</value>
         <object_component_ref idref="oc-4c4"/>
      </symbol>
      <symbol id="sm-8d4">
         <name>getdevice</name>
         <value>0x32e5</value>
         <object_component_ref idref="oc-49c"/>
      </symbol>
      <symbol id="sm-8e3">
         <name>strcmp</name>
         <value>0x36db</value>
         <object_component_ref idref="oc-4db"/>
      </symbol>
      <symbol id="sm-8f1">
         <name>strcpy</name>
         <value>0x3709</value>
         <object_component_ref idref="oc-48f"/>
      </symbol>
      <symbol id="sm-901">
         <name>strncpy</name>
         <value>0x33a1</value>
         <object_component_ref idref="oc-4be"/>
      </symbol>
      <symbol id="sm-916">
         <name>close</name>
         <value>0x2e91</value>
         <object_component_ref idref="oc-464"/>
      </symbol>
      <symbol id="sm-926">
         <name>unlink</name>
         <value>0x3535</value>
         <object_component_ref idref="oc-46a"/>
      </symbol>
      <symbol id="sm-927">
         <name>__TI_static_base__</name>
         <value>0x0</value>
      </symbol>
      <symbol id="sm-92a">
         <name>__mpu_init</name>
         <value>0x0</value>
      </symbol>
      <symbol id="sm-92b">
         <name>_system_post_cinit</name>
         <value>0x0</value>
      </symbol>
      <symbol id="sm-92c">
         <name>NMI_Handler</name>
         <value>0x377f</value>
      </symbol>
      <symbol id="sm-92d">
         <name>HardFault_Handler</name>
         <value>0x377f</value>
      </symbol>
      <symbol id="sm-92e">
         <name>MemManage_Handler</name>
         <value>0x377f</value>
      </symbol>
      <symbol id="sm-92f">
         <name>BusFault_Handler</name>
         <value>0x377f</value>
      </symbol>
      <symbol id="sm-930">
         <name>UsageFault_Handler</name>
         <value>0x377f</value>
      </symbol>
      <symbol id="sm-931">
         <name>SVC_Handler</name>
         <value>0x377f</value>
      </symbol>
      <symbol id="sm-932">
         <name>DebugMon_Handler</name>
         <value>0x377f</value>
      </symbol>
      <symbol id="sm-933">
         <name>PendSV_Handler</name>
         <value>0x377f</value>
      </symbol>
      <symbol id="sm-934">
         <name>SysTick_Handler</name>
         <value>0x377f</value>
      </symbol>
      <symbol id="sm-935">
         <name>PSS_IRQHandler</name>
         <value>0x377f</value>
      </symbol>
      <symbol id="sm-936">
         <name>CS_IRQHandler</name>
         <value>0x377f</value>
      </symbol>
      <symbol id="sm-937">
         <name>PCM_IRQHandler</name>
         <value>0x377f</value>
      </symbol>
      <symbol id="sm-938">
         <name>WDT_A_IRQHandler</name>
         <value>0x377f</value>
      </symbol>
      <symbol id="sm-939">
         <name>FPU_IRQHandler</name>
         <value>0x377f</value>
      </symbol>
      <symbol id="sm-93a">
         <name>FLCTL_IRQHandler</name>
         <value>0x377f</value>
      </symbol>
      <symbol id="sm-93b">
         <name>COMP_E0_IRQHandler</name>
         <value>0x377f</value>
      </symbol>
      <symbol id="sm-93c">
         <name>COMP_E1_IRQHandler</name>
         <value>0x377f</value>
      </symbol>
      <symbol id="sm-93d">
         <name>TA0_0_IRQHandler</name>
         <value>0x377f</value>
      </symbol>
      <symbol id="sm-93e">
         <name>TA0_N_IRQHandler</name>
         <value>0x377f</value>
      </symbol>
      <symbol id="sm-93f">
         <name>TA1_0_IRQHandler</name>
         <value>0x377f</value>
      </symbol>
      <symbol id="sm-940">
         <name>TA1_N_IRQHandler</name>
         <value>0x377f</value>
      </symbol>
      <symbol id="sm-941">
         <name>TA2_0_IRQHandler</name>
         <value>0x377f</value>
      </symbol>
      <symbol id="sm-942">
         <name>TA2_N_IRQHandler</name>
         <value>0x377f</value>
      </symbol>
      <symbol id="sm-943">
         <name>TA3_0_IRQHandler</name>
         <value>0x377f</value>
      </symbol>
      <symbol id="sm-944">
         <name>TA3_N_IRQHandler</name>
         <value>0x377f</value>
      </symbol>
      <symbol id="sm-945">
         <name>EUSCIA0_IRQHandler</name>
         <value>0x377f</value>
      </symbol>
      <symbol id="sm-946">
         <name>EUSCIA1_IRQHandler</name>
         <value>0x377f</value>
      </symbol>
      <symbol id="sm-947">
         <name>EUSCIA2_IRQHandler</name>
         <value>0x377f</value>
      </symbol>
      <symbol id="sm-948">
         <name>EUSCIA3_IRQHandler</name>
         <value>0x377f</value>
      </symbol>
      <symbol id="sm-949">
         <name>EUSCIB0_IRQHandler</name>
         <value>0x377f</value>
      </symbol>
      <symbol id="sm-94a">
         <name>EUSCIB1_IRQHandler</name>
         <value>0x377f</value>
      </symbol>
      <symbol id="sm-94b">
         <name>EUSCIB2_IRQHandler</name>
         <value>0x377f</value>
      </symbol>
      <symbol id="sm-94c">
         <name>EUSCIB3_IRQHandler</name>
         <value>0x377f</value>
      </symbol>
      <symbol id="sm-94d">
         <name>ADC14_IRQHandler</name>
         <value>0x377f</value>
      </symbol>
      <symbol id="sm-94e">
         <name>T32_INT1_IRQHandler</name>
         <value>0x377f</value>
      </symbol>
      <symbol id="sm-94f">
         <name>T32_INT2_IRQHandler</name>
         <value>0x377f</value>
      </symbol>
      <symbol id="sm-950">
         <name>T32_INTC_IRQHandler</name>
         <value>0x377f</value>
      </symbol>
      <symbol id="sm-951">
         <name>AES256_IRQHandler</name>
         <value>0x377f</value>
      </symbol>
      <symbol id="sm-952">
         <name>RTC_C_IRQHandler</name>
         <value>0x377f</value>
      </symbol>
      <symbol id="sm-953">
         <name>DMA_ERR_IRQHandler</name>
         <value>0x377f</value>
      </symbol>
      <symbol id="sm-954">
         <name>DMA_INT3_IRQHandler</name>
         <value>0x377f</value>
      </symbol>
      <symbol id="sm-955">
         <name>DMA_INT2_IRQHandler</name>
         <value>0x377f</value>
      </symbol>
      <symbol id="sm-956">
         <name>DMA_INT1_IRQHandler</name>
         <value>0x377f</value>
      </symbol>
      <symbol id="sm-957">
         <name>DMA_INT0_IRQHandler</name>
         <value>0x377f</value>
      </symbol>
      <symbol id="sm-958">
         <name>PORT1_IRQHandler</name>
         <value>0x377f</value>
      </symbol>
      <symbol id="sm-959">
         <name>PORT2_IRQHandler</name>
         <value>0x377f</value>
      </symbol>
      <symbol id="sm-95a">
         <name>PORT3_IRQHandler</name>
         <value>0x377f</value>
      </symbol>
      <symbol id="sm-95b">
         <name>PORT4_IRQHandler</name>
         <value>0x377f</value>
      </symbol>
      <symbol id="sm-95c">
         <name>PORT5_IRQHandler</name>
         <value>0x377f</value>
      </symbol>
      <symbol id="sm-95d">
         <name>PORT6_IRQHandler</name>
         <value>0x377f</value>
      </symbol>
      <symbol id="sm-95e">
         <name>remove</name>
         <value>0x3535</value>
      </symbol>
   </symbol_table>
   <title>Link successful</title>
</link_info>
